{
    "ottilie 2-sample: full ALE workflow + mutation report": {
        "content": [
            178,
            {
                "BCFTOOLS_FILTER": {
                    "bcftools": 1.21
                },
                "BCFTOOLS_HARD_FILTER_JOINT": {
                    "bcftools": 1.21
                },
                "BCFTOOLS_STATS": {
                    "bcftools": 1.2
                },
                "BCFTOOLS_VIEW": {
                    "bcftools": 1.21
                },
                "BWAMEM1_MEM": {
                    "bwa": "0.7.18-r1243-dirty",
                    "samtools": 1.2
                },
                "CNVKIT_BATCH": {
                    "samtools": 1.17,
                    "cnvkit": "0.9.10"
                },
                "CNVKIT_CALL": {
                    "cnvkit": "0.9.10"
                },
                "CNVKIT_EXPORT": {
                    "cnvkit": "0.9.10"
                },
                "CNVKIT_GENEMETRICS": {
                    "cnvkit": "0.9.10"
                },
                "FASTQC": {
                    "fastqc": "0.12.1"
                },
                "GATK4_GENOMICSDBIMPORT": {
                    "gatk4": "4.5.0.0"
                },
                "GATK4_GENOTYPEGVCFS": {
                    "gatk4": "4.5.0.0"
                },
                "GATK4_HAPLOTYPECALLER": {
                    "gatk4": "4.5.0.0"
                },
                "GATK4_MARKDUPLICATES": {
                    "gatk4": "4.5.0.0",
                    "samtools": "1.19.2"
                },
                "MANTA_GERMLINE": {
                    "manta": "1.6.0"
                },
                "MOSDEPTH": {
                    "mosdepth": "0.3.8"
                },
                "SAMTOOLS_STATS": {
                    "samtools": 1.21
                },
                "SNPEFF_SNPEFF": {
                    "snpeff": "5.1d"
                },
                "TABIX_BGZIPTABIX": {
                    "tabix": 1.2
                },
                "TABIX_BGZIP_CNVKIT": {
                    "tabix": 1.2
                },
                "TABIX_BGZIP_TIDDIT_SV": {
                    "tabix": 1.2
                },
                "TIDDIT_SV": {
                    "tiddit": "3.6.1"
                },
                "VARIANTFILTRATION_FALLBACK": {
                    "gatk4": "4.6.2.0"
                },
                "VCFTOOLS_TSTV_COUNT": {
                    "vcftools": "0.1.16"
                },
                "Workflow": {
                    "Aletechdev/ALE_Yeast": "v1.0.0"
                }
            },
            [
                "annotation",
                "annotation/cnvkit",
                "annotation/cnvkit/CBR110-15-R3a",
                "annotation/cnvkit/CBR110-15-R3a/CBR110-15-R3a.cnvcall_snpEff.ann.vcf.gz",
                "annotation/cnvkit/CBR110-15-R3a/CBR110-15-R3a.cnvcall_snpEff.ann.vcf.gz.tbi",
                "annotation/cnvkit/NODRUG-GM2",
                "annotation/cnvkit/NODRUG-GM2/NODRUG-GM2.cnvcall_snpEff.ann.vcf.gz",
                "annotation/cnvkit/NODRUG-GM2/NODRUG-GM2.cnvcall_snpEff.ann.vcf.gz.tbi",
                "annotation/haplotypecaller",
                "annotation/haplotypecaller/CBR110-15-R3a",
                "annotation/haplotypecaller/CBR110-15-R3a.haplotypecaller.from_joint_calling",
                "annotation/haplotypecaller/CBR110-15-R3a.haplotypecaller.from_joint_calling/CBR110-15-R3a.haplotypecaller.from_joint_calling.hard_filtered_snpEff.ann.vcf.gz",
                "annotation/haplotypecaller/CBR110-15-R3a.haplotypecaller.from_joint_calling/CBR110-15-R3a.haplotypecaller.from_joint_calling.hard_filtered_snpEff.ann.vcf.gz.tbi",
                "annotation/haplotypecaller/CBR110-15-R3a/CBR110-15-R3a.haplotypecaller.from_joint_calling_snpEff.ann.vcf.gz",
                "annotation/haplotypecaller/CBR110-15-R3a/CBR110-15-R3a.haplotypecaller.from_joint_calling_snpEff.ann.vcf.gz.tbi",
                "annotation/haplotypecaller/NODRUG-GM2",
                "annotation/haplotypecaller/NODRUG-GM2.haplotypecaller.from_joint_calling",
                "annotation/haplotypecaller/NODRUG-GM2.haplotypecaller.from_joint_calling/NODRUG-GM2.haplotypecaller.from_joint_calling.hard_filtered_snpEff.ann.vcf.gz",
                "annotation/haplotypecaller/NODRUG-GM2.haplotypecaller.from_joint_calling/NODRUG-GM2.haplotypecaller.from_joint_calling.hard_filtered_snpEff.ann.vcf.gz.tbi",
                "annotation/haplotypecaller/NODRUG-GM2/NODRUG-GM2.haplotypecaller.from_joint_calling_snpEff.ann.vcf.gz",
                "annotation/haplotypecaller/NODRUG-GM2/NODRUG-GM2.haplotypecaller.from_joint_calling_snpEff.ann.vcf.gz.tbi",
                "annotation/haplotypecaller/joint_variant_calling",
                "annotation/haplotypecaller/joint_variant_calling/HaplotypeCaller_joint_calling_soft_filtered_snpEff.ann.vcf.gz",
                "annotation/haplotypecaller/joint_variant_calling/HaplotypeCaller_joint_calling_soft_filtered_snpEff.ann.vcf.gz.tbi",
                "annotation/manta",
                "annotation/manta/CBR110-15-R3a",
                "annotation/manta/CBR110-15-R3a/CBR110-15-R3a.manta.diploid_sv_snpEff.ann.vcf.gz",
                "annotation/manta/CBR110-15-R3a/CBR110-15-R3a.manta.diploid_sv_snpEff.ann.vcf.gz.tbi",
                "annotation/manta/NODRUG-GM2",
                "annotation/manta/NODRUG-GM2/NODRUG-GM2.manta.diploid_sv_snpEff.ann.vcf.gz",
                "annotation/manta/NODRUG-GM2/NODRUG-GM2.manta.diploid_sv_snpEff.ann.vcf.gz.tbi",
                "annotation/tiddit",
                "annotation/tiddit/CBR110-15-R3a",
                "annotation/tiddit/CBR110-15-R3a/CBR110-15-R3a.tiddit_snpEff.ann.vcf.gz",
                "annotation/tiddit/CBR110-15-R3a/CBR110-15-R3a.tiddit_snpEff.ann.vcf.gz.tbi",
                "annotation/tiddit/NODRUG-GM2",
                "annotation/tiddit/NODRUG-GM2/NODRUG-GM2.tiddit_snpEff.ann.vcf.gz",
                "annotation/tiddit/NODRUG-GM2/NODRUG-GM2.tiddit_snpEff.ann.vcf.gz.tbi",
                "build",
                "build/S288C_R64_test.bed",
                "csv",
                "csv/markduplicates_no_table.csv",
                "csv/variantcalled.csv",
                "multiqc",
                "multiqc/multiqc_data",
                "multiqc/multiqc_data/bcftools-stats-subtypes.txt",
                "multiqc/multiqc_data/bcftools_stats_indel-lengths.txt",
                "multiqc/multiqc_data/bcftools_stats_variant_depths.txt",
                "multiqc/multiqc_data/bcftools_stats_vqc_Count_Indels.txt",
                "multiqc/multiqc_data/bcftools_stats_vqc_Count_SNP.txt",
                "multiqc/multiqc_data/bcftools_stats_vqc_Count_Transitions.txt",
                "multiqc/multiqc_data/bcftools_stats_vqc_Count_Transversions.txt",
                "multiqc/multiqc_data/fastqc-status-check-heatmap.txt",
                "multiqc/multiqc_data/fastqc_adapter_content_plot.txt",
                "multiqc/multiqc_data/fastqc_per_base_n_content_plot.txt",
                "multiqc/multiqc_data/fastqc_per_base_sequence_quality_plot.txt",
                "multiqc/multiqc_data/fastqc_per_sequence_gc_content_plot_Counts.txt",
                "multiqc/multiqc_data/fastqc_per_sequence_gc_content_plot_Percentages.txt",
                "multiqc/multiqc_data/fastqc_per_sequence_quality_scores_plot.txt",
                "multiqc/multiqc_data/fastqc_sequence_counts_plot.txt",
                "multiqc/multiqc_data/fastqc_sequence_duplication_levels_plot.txt",
                "multiqc/multiqc_data/fastqc_top_overrepresented_sequences_table.txt",
                "multiqc/multiqc_data/mosdepth-coverage-per-contig-multi.txt",
                "multiqc/multiqc_data/mosdepth-cumcoverage-dist-id.txt",
                "multiqc/multiqc_data/mosdepth_cov_dist.txt",
                "multiqc/multiqc_data/mosdepth_cumcov_dist.txt",
                "multiqc/multiqc_data/mosdepth_perchrom.txt",
                "multiqc/multiqc_data/multiqc.log",
                "multiqc/multiqc_data/multiqc_bcftools_stats.txt",
                "multiqc/multiqc_data/multiqc_citations.txt",
                "multiqc/multiqc_data/multiqc_data.json",
                "multiqc/multiqc_data/multiqc_fastqc.txt",
                "multiqc/multiqc_data/multiqc_general_stats.txt",
                "multiqc/multiqc_data/multiqc_picard_dups.txt",
                "multiqc/multiqc_data/multiqc_samtools_stats.txt",
                "multiqc/multiqc_data/multiqc_snpeff.txt",
                "multiqc/multiqc_data/multiqc_software_versions.txt",
                "multiqc/multiqc_data/multiqc_sources.txt",
                "multiqc/multiqc_data/picard_deduplication.txt",
                "multiqc/multiqc_data/picard_histogram.txt",
                "multiqc/multiqc_data/picard_histogram_1.txt",
                "multiqc/multiqc_data/picard_histogram_2.txt",
                "multiqc/multiqc_data/samtools-stats-dp.txt",
                "multiqc/multiqc_data/samtools_alignment_plot.txt",
                "multiqc/multiqc_data/snpeff_effects.txt",
                "multiqc/multiqc_data/snpeff_qualities.txt",
                "multiqc/multiqc_data/snpeff_variant_effects_class.txt",
                "multiqc/multiqc_data/snpeff_variant_effects_impact.txt",
                "multiqc/multiqc_data/snpeff_variant_effects_region.txt",
                "multiqc/multiqc_data/vcftools_tstv_by_count.txt",
                "multiqc/multiqc_data/vcftools_tstv_by_qual.txt",
                "multiqc/multiqc_plots",
                "multiqc/multiqc_plots/pdf",
                "multiqc/multiqc_plots/pdf/bcftools-stats-subtypes-cnt.pdf",
                "multiqc/multiqc_plots/pdf/bcftools-stats-subtypes-pct.pdf",
                "multiqc/multiqc_plots/pdf/bcftools_stats_indel-lengths.pdf",
                "multiqc/multiqc_plots/pdf/bcftools_stats_variant_depths.pdf",
                "multiqc/multiqc_plots/pdf/bcftools_stats_vqc_Count_Indels.pdf",
                "multiqc/multiqc_plots/pdf/bcftools_stats_vqc_Count_SNP.pdf",
                "multiqc/multiqc_plots/pdf/bcftools_stats_vqc_Count_Transitions.pdf",
                "multiqc/multiqc_plots/pdf/bcftools_stats_vqc_Count_Transversions.pdf",
                "multiqc/multiqc_plots/pdf/fastqc-status-check-heatmap.pdf",
                "multiqc/multiqc_plots/pdf/fastqc_adapter_content_plot.pdf",
                "multiqc/multiqc_plots/pdf/fastqc_per_base_n_content_plot.pdf",
                "multiqc/multiqc_plots/pdf/fastqc_per_base_sequence_quality_plot.pdf",
                "multiqc/multiqc_plots/pdf/fastqc_per_sequence_gc_content_plot_Counts.pdf",
                "multiqc/multiqc_plots/pdf/fastqc_per_sequence_gc_content_plot_Percentages.pdf",
                "multiqc/multiqc_plots/pdf/fastqc_per_sequence_quality_scores_plot.pdf",
                "multiqc/multiqc_plots/pdf/fastqc_sequence_counts_plot-cnt.pdf",
                "multiqc/multiqc_plots/pdf/fastqc_sequence_counts_plot-pct.pdf",
                "multiqc/multiqc_plots/pdf/fastqc_sequence_duplication_levels_plot.pdf",
                "multiqc/multiqc_plots/pdf/fastqc_top_overrepresented_sequences_table.pdf",
                "multiqc/multiqc_plots/pdf/general_stats_table.pdf",
                "multiqc/multiqc_plots/pdf/mosdepth-coverage-per-contig-multi-cnt.pdf",
                "multiqc/multiqc_plots/pdf/mosdepth-coverage-per-contig-multi-log.pdf",
                "multiqc/multiqc_plots/pdf/mosdepth-cumcoverage-dist-id.pdf",
                "multiqc/multiqc_plots/pdf/picard_deduplication-cnt.pdf",
                "multiqc/multiqc_plots/pdf/picard_deduplication-pct.pdf",
                "multiqc/multiqc_plots/pdf/samtools-stats-dp.pdf",
                "multiqc/multiqc_plots/pdf/samtools_alignment_plot-cnt.pdf",
                "multiqc/multiqc_plots/pdf/samtools_alignment_plot-pct.pdf",
                "multiqc/multiqc_plots/pdf/snpeff_effects-cnt.pdf",
                "multiqc/multiqc_plots/pdf/snpeff_effects-pct.pdf",
                "multiqc/multiqc_plots/pdf/snpeff_qualities.pdf",
                "multiqc/multiqc_plots/pdf/snpeff_variant_effects_class-cnt.pdf",
                "multiqc/multiqc_plots/pdf/snpeff_variant_effects_class-log.pdf",
                "multiqc/multiqc_plots/pdf/snpeff_variant_effects_class-pct-log.pdf",
                "multiqc/multiqc_plots/pdf/snpeff_variant_effects_class-pct.pdf",
                "multiqc/multiqc_plots/pdf/snpeff_variant_effects_impact-cnt.pdf",
                "multiqc/multiqc_plots/pdf/snpeff_variant_effects_impact-log.pdf",
                "multiqc/multiqc_plots/pdf/snpeff_variant_effects_impact-pct-log.pdf",
                "multiqc/multiqc_plots/pdf/snpeff_variant_effects_impact-pct.pdf",
                "multiqc/multiqc_plots/pdf/snpeff_variant_effects_region-cnt.pdf",
                "multiqc/multiqc_plots/pdf/snpeff_variant_effects_region-log.pdf",
                "multiqc/multiqc_plots/pdf/snpeff_variant_effects_region-pct-log.pdf",
                "multiqc/multiqc_plots/pdf/snpeff_variant_effects_region-pct.pdf",
                "multiqc/multiqc_plots/pdf/vcftools_tstv_by_count.pdf",
                "multiqc/multiqc_plots/pdf/vcftools_tstv_by_qual.pdf",
                "multiqc/multiqc_plots/png",
                "multiqc/multiqc_plots/png/bcftools-stats-subtypes-cnt.png",
                "multiqc/multiqc_plots/png/bcftools-stats-subtypes-pct.png",
                "multiqc/multiqc_plots/png/bcftools_stats_indel-lengths.png",
                "multiqc/multiqc_plots/png/bcftools_stats_variant_depths.png",
                "multiqc/multiqc_plots/png/bcftools_stats_vqc_Count_Indels.png",
                "multiqc/multiqc_plots/png/bcftools_stats_vqc_Count_SNP.png",
                "multiqc/multiqc_plots/png/bcftools_stats_vqc_Count_Transitions.png",
                "multiqc/multiqc_plots/png/bcftools_stats_vqc_Count_Transversions.png",
                "multiqc/multiqc_plots/png/fastqc-status-check-heatmap.png",
                "multiqc/multiqc_plots/png/fastqc_adapter_content_plot.png",
                "multiqc/multiqc_plots/png/fastqc_per_base_n_content_plot.png",
                "multiqc/multiqc_plots/png/fastqc_per_base_sequence_quality_plot.png",
                "multiqc/multiqc_plots/png/fastqc_per_sequence_gc_content_plot_Counts.png",
                "multiqc/multiqc_plots/png/fastqc_per_sequence_gc_content_plot_Percentages.png",
                "multiqc/multiqc_plots/png/fastqc_per_sequence_quality_scores_plot.png",
                "multiqc/multiqc_plots/png/fastqc_sequence_counts_plot-cnt.png",
                "multiqc/multiqc_plots/png/fastqc_sequence_counts_plot-pct.png",
                "multiqc/multiqc_plots/png/fastqc_sequence_duplication_levels_plot.png",
                "multiqc/multiqc_plots/png/fastqc_top_overrepresented_sequences_table.png",
                "multiqc/multiqc_plots/png/general_stats_table.png",
                "multiqc/multiqc_plots/png/mosdepth-coverage-per-contig-multi-cnt.png",
                "multiqc/multiqc_plots/png/mosdepth-coverage-per-contig-multi-log.png",
                "multiqc/multiqc_plots/png/mosdepth-cumcoverage-dist-id.png",
                "multiqc/multiqc_plots/png/picard_deduplication-cnt.png",
                "multiqc/multiqc_plots/png/picard_deduplication-pct.png",
                "multiqc/multiqc_plots/png/samtools-stats-dp.png",
                "multiqc/multiqc_plots/png/samtools_alignment_plot-cnt.png",
                "multiqc/multiqc_plots/png/samtools_alignment_plot-pct.png",
                "multiqc/multiqc_plots/png/snpeff_effects-cnt.png",
                "multiqc/multiqc_plots/png/snpeff_effects-pct.png",
                "multiqc/multiqc_plots/png/snpeff_qualities.png",
                "multiqc/multiqc_plots/png/snpeff_variant_effects_class-cnt.png",
                "multiqc/multiqc_plots/png/snpeff_variant_effects_class-log.png",
                "multiqc/multiqc_plots/png/snpeff_variant_effects_class-pct-log.png",
                "multiqc/multiqc_plots/png/snpeff_variant_effects_class-pct.png",
                "multiqc/multiqc_plots/png/snpeff_variant_effects_impact-cnt.png",
                "multiqc/multiqc_plots/png/snpeff_variant_effects_impact-log.png",
                "multiqc/multiqc_plots/png/snpeff_variant_effects_impact-pct-log.png",
                "multiqc/multiqc_plots/png/snpeff_variant_effects_impact-pct.png",
                "multiqc/multiqc_plots/png/snpeff_variant_effects_region-cnt.png",
                "multiqc/multiqc_plots/png/snpeff_variant_effects_region-log.png",
                "multiqc/multiqc_plots/png/snpeff_variant_effects_region-pct-log.png",
                "multiqc/multiqc_plots/png/snpeff_variant_effects_region-pct.png",
                "multiqc/multiqc_plots/png/vcftools_tstv_by_count.png",
                "multiqc/multiqc_plots/png/vcftools_tstv_by_qual.png",
                "multiqc/multiqc_plots/svg",
                "multiqc/multiqc_plots/svg/bcftools-stats-subtypes-cnt.svg",
                "multiqc/multiqc_plots/svg/bcftools-stats-subtypes-pct.svg",
                "multiqc/multiqc_plots/svg/bcftools_stats_indel-lengths.svg",
                "multiqc/multiqc_plots/svg/bcftools_stats_variant_depths.svg",
                "multiqc/multiqc_plots/svg/bcftools_stats_vqc_Count_Indels.svg",
                "multiqc/multiqc_plots/svg/bcftools_stats_vqc_Count_SNP.svg",
                "multiqc/multiqc_plots/svg/bcftools_stats_vqc_Count_Transitions.svg",
                "multiqc/multiqc_plots/svg/bcftools_stats_vqc_Count_Transversions.svg",
                "multiqc/multiqc_plots/svg/fastqc-status-check-heatmap.svg",
                "multiqc/multiqc_plots/svg/fastqc_adapter_content_plot.svg",
                "multiqc/multiqc_plots/svg/fastqc_per_base_n_content_plot.svg",
                "multiqc/multiqc_plots/svg/fastqc_per_base_sequence_quality_plot.svg",
                "multiqc/multiqc_plots/svg/fastqc_per_sequence_gc_content_plot_Counts.svg",
                "multiqc/multiqc_plots/svg/fastqc_per_sequence_gc_content_plot_Percentages.svg",
                "multiqc/multiqc_plots/svg/fastqc_per_sequence_quality_scores_plot.svg",
                "multiqc/multiqc_plots/svg/fastqc_sequence_counts_plot-cnt.svg",
                "multiqc/multiqc_plots/svg/fastqc_sequence_counts_plot-pct.svg",
                "multiqc/multiqc_plots/svg/fastqc_sequence_duplication_levels_plot.svg",
                "multiqc/multiqc_plots/svg/fastqc_top_overrepresented_sequences_table.svg",
                "multiqc/multiqc_plots/svg/general_stats_table.svg",
                "multiqc/multiqc_plots/svg/mosdepth-coverage-per-contig-multi-cnt.svg",
                "multiqc/multiqc_plots/svg/mosdepth-coverage-per-contig-multi-log.svg",
                "multiqc/multiqc_plots/svg/mosdepth-cumcoverage-dist-id.svg",
                "multiqc/multiqc_plots/svg/picard_deduplication-cnt.svg",
                "multiqc/multiqc_plots/svg/picard_deduplication-pct.svg",
                "multiqc/multiqc_plots/svg/samtools-stats-dp.svg",
                "multiqc/multiqc_plots/svg/samtools_alignment_plot-cnt.svg",
                "multiqc/multiqc_plots/svg/samtools_alignment_plot-pct.svg",
                "multiqc/multiqc_plots/svg/snpeff_effects-cnt.svg",
                "multiqc/multiqc_plots/svg/snpeff_effects-pct.svg",
                "multiqc/multiqc_plots/svg/snpeff_qualities.svg",
                "multiqc/multiqc_plots/svg/snpeff_variant_effects_class-cnt.svg",
                "multiqc/multiqc_plots/svg/snpeff_variant_effects_class-log.svg",
                "multiqc/multiqc_plots/svg/snpeff_variant_effects_class-pct-log.svg",
                "multiqc/multiqc_plots/svg/snpeff_variant_effects_class-pct.svg",
                "multiqc/multiqc_plots/svg/snpeff_variant_effects_impact-cnt.svg",
                "multiqc/multiqc_plots/svg/snpeff_variant_effects_impact-log.svg",
                "multiqc/multiqc_plots/svg/snpeff_variant_effects_impact-pct-log.svg",
                "multiqc/multiqc_plots/svg/snpeff_variant_effects_impact-pct.svg",
                "multiqc/multiqc_plots/svg/snpeff_variant_effects_region-cnt.svg",
                "multiqc/multiqc_plots/svg/snpeff_variant_effects_region-log.svg",
                "multiqc/multiqc_plots/svg/snpeff_variant_effects_region-pct-log.svg",
                "multiqc/multiqc_plots/svg/snpeff_variant_effects_region-pct.svg",
                "multiqc/multiqc_plots/svg/vcftools_tstv_by_count.svg",
                "multiqc/multiqc_plots/svg/vcftools_tstv_by_qual.svg",
                "multiqc/multiqc_report.html",
                "mutation_reports",
                "mutation_reports/cohort_report.html",
                "mutation_reports/data",
                "mutation_reports/data/CBR110-15-R3a.manta.pass_stats.tsv",
                "mutation_reports/data/CBR110-15-R3a.tiddit.pass_stats.tsv",
                "mutation_reports/data/NODRUG-GM2.manta.pass_stats.tsv",
                "mutation_reports/data/NODRUG-GM2.tiddit.pass_stats.tsv",
                "mutation_reports/data/cn_cohort_collapsed.csv",
                "mutation_reports/data/cn_cohort_full.csv",
                "mutation_reports/data/cn_matrices",
                "mutation_reports/data/cn_matrices/cn_matrices",
                "mutation_reports/data/cn_matrices/cn_matrices/cn_bins_continuous.csv",
                "mutation_reports/data/cn_matrices/cn_matrices/cn_chr_summary_call.csv",
                "mutation_reports/data/cn_matrices/cn_matrices/cn_chr_summary_germline.csv",
                "mutation_reports/data/cn_matrices/cn_matrices/cn_segments_call.csv",
                "mutation_reports/data/cn_matrices/cn_matrices/cn_segments_germline.csv",
                "mutation_reports/data/contig_copy_number.csv",
                "mutation_reports/data/sv_cohort_matrix_union.csv",
                "mutation_reports/data/sv_cohort_matrix_union_pass.csv",
                "mutation_reports/data/sv_cohort_merged_union.vcf.gz",
                "mutation_reports/data/sv_cohort_merged_union.vcf.gz.tbi",
                "mutation_reports/data/sv_cohort_merged_union_pass.vcf.gz",
                "mutation_reports/data/sv_cohort_merged_union_pass.vcf.gz.tbi",
                "mutation_reports/data/sv_merged",
                "mutation_reports/data/sv_merged/CBR110-15-R3a",
                "mutation_reports/data/sv_merged/CBR110-15-R3a/CBR110-15-R3a.survivor.union.vcf.gz",
                "mutation_reports/data/sv_merged/CBR110-15-R3a/CBR110-15-R3a.survivor.union.vcf.gz.tbi",
                "mutation_reports/data/sv_merged/CBR110-15-R3a/CBR110-15-R3a.survivor.union_pass.vcf.gz",
                "mutation_reports/data/sv_merged/CBR110-15-R3a/CBR110-15-R3a.survivor.union_pass.vcf.gz.tbi",
                "mutation_reports/data/sv_merged/NODRUG-GM2",
                "mutation_reports/data/sv_merged/NODRUG-GM2/NODRUG-GM2.survivor.union.vcf.gz",
                "mutation_reports/data/sv_merged/NODRUG-GM2/NODRUG-GM2.survivor.union.vcf.gz.tbi",
                "mutation_reports/data/sv_merged/NODRUG-GM2/NODRUG-GM2.survivor.union_pass.vcf.gz",
                "mutation_reports/data/sv_merged/NODRUG-GM2/NODRUG-GM2.survivor.union_pass.vcf.gz.tbi",
                "mutation_reports/index.html",
                "mutation_reports/multiqc_report.html",
                "mutation_reports/samples",
                "mutation_reports/samples/CBR110-15-R3a_cnvkit_report.html",
                "mutation_reports/samples/CBR110-15-R3a_hc_report.html",
                "mutation_reports/samples/CBR110-15-R3a_manta_report.html",
                "mutation_reports/samples/CBR110-15-R3a_tiddit_report.html",
                "mutation_reports/samples/NODRUG-GM2_cnvkit_report.html",
                "mutation_reports/samples/NODRUG-GM2_hc_report.html",
                "mutation_reports/samples/NODRUG-GM2_manta_report.html",
                "mutation_reports/samples/NODRUG-GM2_tiddit_report.html",
                "mutation_reports/vcf",
                "mutation_reports/vcf/README.md",
                "mutation_reports/vcf/cnvkit",
                "mutation_reports/vcf/cnvkit/CBR110-15-R3a_cnvkit.vcf.gz",
                "mutation_reports/vcf/cnvkit/CBR110-15-R3a_cnvkit.vcf.gz.tbi",
                "mutation_reports/vcf/cnvkit/NODRUG-GM2_cnvkit.vcf.gz",
                "mutation_reports/vcf/cnvkit/NODRUG-GM2_cnvkit.vcf.gz.tbi",
                "mutation_reports/vcf/haplotypecaller",
                "mutation_reports/vcf/haplotypecaller/CBR110-15-R3a_haplotypecaller_annotated.vcf.gz",
                "mutation_reports/vcf/haplotypecaller/CBR110-15-R3a_haplotypecaller_annotated.vcf.gz.tbi",
                "mutation_reports/vcf/haplotypecaller/NODRUG-GM2_haplotypecaller_annotated.vcf.gz",
                "mutation_reports/vcf/haplotypecaller/NODRUG-GM2_haplotypecaller_annotated.vcf.gz.tbi",
                "mutation_reports/vcf/haplotypecaller/cohort_haplotypecaller_annotated.vcf.gz",
                "mutation_reports/vcf/haplotypecaller/cohort_haplotypecaller_annotated.vcf.gz.tbi",
                "mutation_reports/vcf/manta",
                "mutation_reports/vcf/manta/CBR110-15-R3a_manta.vcf.gz",
                "mutation_reports/vcf/manta/CBR110-15-R3a_manta.vcf.gz.tbi",
                "mutation_reports/vcf/manta/NODRUG-GM2_manta.vcf.gz",
                "mutation_reports/vcf/manta/NODRUG-GM2_manta.vcf.gz.tbi",
                "mutation_reports/vcf/tiddit",
                "mutation_reports/vcf/tiddit/CBR110-15-R3a_tiddit.vcf.gz",
                "mutation_reports/vcf/tiddit/CBR110-15-R3a_tiddit.vcf.gz.tbi",
                "mutation_reports/vcf/tiddit/CBR110-15-R3a_tiddit_pass.vcf.gz",
                "mutation_reports/vcf/tiddit/CBR110-15-R3a_tiddit_pass.vcf.gz.tbi",
                "mutation_reports/vcf/tiddit/NODRUG-GM2_tiddit.vcf.gz",
                "mutation_reports/vcf/tiddit/NODRUG-GM2_tiddit.vcf.gz.tbi",
                "mutation_reports/vcf/tiddit/NODRUG-GM2_tiddit_pass.vcf.gz",
                "mutation_reports/vcf/tiddit/NODRUG-GM2_tiddit_pass.vcf.gz.tbi",
                "pipeline_info",
                "preprocessing",
                "preprocessing/markduplicates",
                "preprocessing/markduplicates/CBR110-15-R3a",
                "preprocessing/markduplicates/CBR110-15-R3a/CBR110-15-R3a.md.cram",
                "preprocessing/markduplicates/CBR110-15-R3a/CBR110-15-R3a.md.cram.crai",
                "preprocessing/markduplicates/NODRUG-GM2",
                "preprocessing/markduplicates/NODRUG-GM2/NODRUG-GM2.md.cram",
                "preprocessing/markduplicates/NODRUG-GM2/NODRUG-GM2.md.cram.crai",
                "reference",
                "reference/dict",
                "reference/fai",
                "reports",
                "reports/bcftools",
                "reports/bcftools/cnvkit",
                "reports/bcftools/cnvkit/CBR110-15-R3a",
                "reports/bcftools/cnvkit/CBR110-15-R3a/CBR110-15-R3a.cnvcall.bcftools_stats.txt",
                "reports/bcftools/cnvkit/NODRUG-GM2",
                "reports/bcftools/cnvkit/NODRUG-GM2/NODRUG-GM2.cnvcall.bcftools_stats.txt",
                "reports/bcftools/haplotypecaller",
                "reports/bcftools/haplotypecaller/CBR110-15-R3a",
                "reports/bcftools/haplotypecaller/CBR110-15-R3a.haplotypecaller.from_joint_calling",
                "reports/bcftools/haplotypecaller/CBR110-15-R3a.haplotypecaller.from_joint_calling/CBR110-15-R3a.haplotypecaller.from_joint_calling.hard_filtered.bcftools_stats.txt",
                "reports/bcftools/haplotypecaller/CBR110-15-R3a/CBR110-15-R3a.haplotypecaller.from_joint_calling.bcftools_stats.txt",
                "reports/bcftools/haplotypecaller/NODRUG-GM2",
                "reports/bcftools/haplotypecaller/NODRUG-GM2.haplotypecaller.from_joint_calling",
                "reports/bcftools/haplotypecaller/NODRUG-GM2.haplotypecaller.from_joint_calling/NODRUG-GM2.haplotypecaller.from_joint_calling.hard_filtered.bcftools_stats.txt",
                "reports/bcftools/haplotypecaller/NODRUG-GM2/NODRUG-GM2.haplotypecaller.from_joint_calling.bcftools_stats.txt",
                "reports/bcftools/haplotypecaller/joint_variant_calling",
                "reports/bcftools/haplotypecaller/joint_variant_calling/HaplotypeCaller_joint_calling_soft_filtered.bcftools_stats.txt",
                "reports/bcftools/manta",
                "reports/bcftools/manta/CBR110-15-R3a",
                "reports/bcftools/manta/CBR110-15-R3a/CBR110-15-R3a.manta.diploid_sv.bcftools_stats.txt",
                "reports/bcftools/manta/NODRUG-GM2",
                "reports/bcftools/manta/NODRUG-GM2/NODRUG-GM2.manta.diploid_sv.bcftools_stats.txt",
                "reports/bcftools/tiddit",
                "reports/bcftools/tiddit/CBR110-15-R3a",
                "reports/bcftools/tiddit/CBR110-15-R3a/CBR110-15-R3a.tiddit.bcftools_stats.txt",
                "reports/bcftools/tiddit/NODRUG-GM2",
                "reports/bcftools/tiddit/NODRUG-GM2/NODRUG-GM2.tiddit.bcftools_stats.txt",
                "reports/fastqc",
                "reports/fastqc/CBR110-15-R3a-L001",
                "reports/fastqc/CBR110-15-R3a-L001/CBR110-15-R3a-L001_1_fastqc.html",
                "reports/fastqc/CBR110-15-R3a-L001/CBR110-15-R3a-L001_1_fastqc.zip",
                "reports/fastqc/CBR110-15-R3a-L001/CBR110-15-R3a-L001_2_fastqc.html",
                "reports/fastqc/CBR110-15-R3a-L001/CBR110-15-R3a-L001_2_fastqc.zip",
                "reports/fastqc/NODRUG-GM2-L001",
                "reports/fastqc/NODRUG-GM2-L001/NODRUG-GM2-L001_1_fastqc.html",
                "reports/fastqc/NODRUG-GM2-L001/NODRUG-GM2-L001_1_fastqc.zip",
                "reports/fastqc/NODRUG-GM2-L001/NODRUG-GM2-L001_2_fastqc.html",
                "reports/fastqc/NODRUG-GM2-L001/NODRUG-GM2-L001_2_fastqc.zip",
                "reports/markduplicates",
                "reports/markduplicates/CBR110-15-R3a",
                "reports/markduplicates/CBR110-15-R3a/CBR110-15-R3a.md.cram.metrics",
                "reports/markduplicates/NODRUG-GM2",
                "reports/markduplicates/NODRUG-GM2/NODRUG-GM2.md.cram.metrics",
                "reports/mosdepth",
                "reports/mosdepth/CBR110-15-R3a",
                "reports/mosdepth/CBR110-15-R3a/CBR110-15-R3a.md.mosdepth.global.dist.txt",
                "reports/mosdepth/CBR110-15-R3a/CBR110-15-R3a.md.mosdepth.region.dist.txt",
                "reports/mosdepth/CBR110-15-R3a/CBR110-15-R3a.md.mosdepth.summary.txt",
                "reports/mosdepth/CBR110-15-R3a/CBR110-15-R3a.md.regions.bed.gz",
                "reports/mosdepth/CBR110-15-R3a/CBR110-15-R3a.md.regions.bed.gz.csi",
                "reports/mosdepth/NODRUG-GM2",
                "reports/mosdepth/NODRUG-GM2/NODRUG-GM2.md.mosdepth.global.dist.txt",
                "reports/mosdepth/NODRUG-GM2/NODRUG-GM2.md.mosdepth.region.dist.txt",
                "reports/mosdepth/NODRUG-GM2/NODRUG-GM2.md.mosdepth.summary.txt",
                "reports/mosdepth/NODRUG-GM2/NODRUG-GM2.md.regions.bed.gz",
                "reports/mosdepth/NODRUG-GM2/NODRUG-GM2.md.regions.bed.gz.csi",
                "reports/samtools",
                "reports/samtools/CBR110-15-R3a",
                "reports/samtools/CBR110-15-R3a/CBR110-15-R3a.md.cram.stats",
                "reports/samtools/NODRUG-GM2",
                "reports/samtools/NODRUG-GM2/NODRUG-GM2.md.cram.stats",
                "reports/snpeff",
                "reports/snpeff/cnvkit",
                "reports/snpeff/cnvkit/CBR110-15-R3a",
                "reports/snpeff/cnvkit/CBR110-15-R3a/CBR110-15-R3a.cnvcall_snpEff.csv",
                "reports/snpeff/cnvkit/CBR110-15-R3a/CBR110-15-R3a.cnvcall_snpEff.genes.txt",
                "reports/snpeff/cnvkit/CBR110-15-R3a/snpEff_summary.html",
                "reports/snpeff/cnvkit/NODRUG-GM2",
                "reports/snpeff/cnvkit/NODRUG-GM2/NODRUG-GM2.cnvcall_snpEff.csv",
                "reports/snpeff/cnvkit/NODRUG-GM2/NODRUG-GM2.cnvcall_snpEff.genes.txt",
                "reports/snpeff/cnvkit/NODRUG-GM2/snpEff_summary.html",
                "reports/snpeff/haplotypecaller",
                "reports/snpeff/haplotypecaller/CBR110-15-R3a",
                "reports/snpeff/haplotypecaller/CBR110-15-R3a.haplotypecaller.from_joint_calling",
                "reports/snpeff/haplotypecaller/CBR110-15-R3a.haplotypecaller.from_joint_calling/CBR110-15-R3a.haplotypecaller.from_joint_calling.hard_filtered_snpEff.csv",
                "reports/snpeff/haplotypecaller/CBR110-15-R3a.haplotypecaller.from_joint_calling/CBR110-15-R3a.haplotypecaller.from_joint_calling.hard_filtered_snpEff.genes.txt",
                "reports/snpeff/haplotypecaller/CBR110-15-R3a.haplotypecaller.from_joint_calling/snpEff_summary.html",
                "reports/snpeff/haplotypecaller/CBR110-15-R3a/CBR110-15-R3a.haplotypecaller.from_joint_calling_snpEff.csv",
                "reports/snpeff/haplotypecaller/CBR110-15-R3a/CBR110-15-R3a.haplotypecaller.from_joint_calling_snpEff.genes.txt",
                "reports/snpeff/haplotypecaller/CBR110-15-R3a/snpEff_summary.html",
                "reports/snpeff/haplotypecaller/NODRUG-GM2",
                "reports/snpeff/haplotypecaller/NODRUG-GM2.haplotypecaller.from_joint_calling",
                "reports/snpeff/haplotypecaller/NODRUG-GM2.haplotypecaller.from_joint_calling/NODRUG-GM2.haplotypecaller.from_joint_calling.hard_filtered_snpEff.csv",
                "reports/snpeff/haplotypecaller/NODRUG-GM2.haplotypecaller.from_joint_calling/NODRUG-GM2.haplotypecaller.from_joint_calling.hard_filtered_snpEff.genes.txt",
                "reports/snpeff/haplotypecaller/NODRUG-GM2.haplotypecaller.from_joint_calling/snpEff_summary.html",
                "reports/snpeff/haplotypecaller/NODRUG-GM2/NODRUG-GM2.haplotypecaller.from_joint_calling_snpEff.csv",
                "reports/snpeff/haplotypecaller/NODRUG-GM2/NODRUG-GM2.haplotypecaller.from_joint_calling_snpEff.genes.txt",
                "reports/snpeff/haplotypecaller/NODRUG-GM2/snpEff_summary.html",
                "reports/snpeff/haplotypecaller/joint_variant_calling",
                "reports/snpeff/haplotypecaller/joint_variant_calling/HaplotypeCaller_joint_calling_soft_filtered_snpEff.csv",
                "reports/snpeff/haplotypecaller/joint_variant_calling/HaplotypeCaller_joint_calling_soft_filtered_snpEff.genes.txt",
                "reports/snpeff/haplotypecaller/joint_variant_calling/snpEff_summary.html",
                "reports/snpeff/manta",
                "reports/snpeff/manta/CBR110-15-R3a",
                "reports/snpeff/manta/CBR110-15-R3a/CBR110-15-R3a.manta.diploid_sv_snpEff.csv",
                "reports/snpeff/manta/CBR110-15-R3a/CBR110-15-R3a.manta.diploid_sv_snpEff.genes.txt",
                "reports/snpeff/manta/CBR110-15-R3a/snpEff_summary.html",
                "reports/snpeff/manta/NODRUG-GM2",
                "reports/snpeff/manta/NODRUG-GM2/NODRUG-GM2.manta.diploid_sv_snpEff.csv",
                "reports/snpeff/manta/NODRUG-GM2/NODRUG-GM2.manta.diploid_sv_snpEff.genes.txt",
                "reports/snpeff/manta/NODRUG-GM2/snpEff_summary.html",
                "reports/snpeff/tiddit",
                "reports/snpeff/tiddit/CBR110-15-R3a",
                "reports/snpeff/tiddit/CBR110-15-R3a/CBR110-15-R3a.tiddit_snpEff.csv",
                "reports/snpeff/tiddit/CBR110-15-R3a/CBR110-15-R3a.tiddit_snpEff.genes.txt",
                "reports/snpeff/tiddit/CBR110-15-R3a/snpEff_summary.html",
                "reports/snpeff/tiddit/NODRUG-GM2",
                "reports/snpeff/tiddit/NODRUG-GM2/NODRUG-GM2.tiddit_snpEff.csv",
                "reports/snpeff/tiddit/NODRUG-GM2/NODRUG-GM2.tiddit_snpEff.genes.txt",
                "reports/snpeff/tiddit/NODRUG-GM2/snpEff_summary.html",
                "reports/vcftools",
                "reports/vcftools/cnvkit",
                "reports/vcftools/cnvkit/CBR110-15-R3a",
                "reports/vcftools/cnvkit/CBR110-15-R3a/CBR110-15-R3a.cnvcall.FILTER.summary",
                "reports/vcftools/cnvkit/CBR110-15-R3a/CBR110-15-R3a.cnvcall.TsTv.count",
                "reports/vcftools/cnvkit/CBR110-15-R3a/CBR110-15-R3a.cnvcall.TsTv.qual",
                "reports/vcftools/cnvkit/NODRUG-GM2",
                "reports/vcftools/cnvkit/NODRUG-GM2/NODRUG-GM2.cnvcall.FILTER.summary",
                "reports/vcftools/cnvkit/NODRUG-GM2/NODRUG-GM2.cnvcall.TsTv.count",
                "reports/vcftools/cnvkit/NODRUG-GM2/NODRUG-GM2.cnvcall.TsTv.qual",
                "reports/vcftools/haplotypecaller",
                "reports/vcftools/haplotypecaller/CBR110-15-R3a",
                "reports/vcftools/haplotypecaller/CBR110-15-R3a.haplotypecaller.from_joint_calling",
                "reports/vcftools/haplotypecaller/CBR110-15-R3a.haplotypecaller.from_joint_calling/CBR110-15-R3a.haplotypecaller.from_joint_calling.hard_filtered.FILTER.summary",
                "reports/vcftools/haplotypecaller/CBR110-15-R3a.haplotypecaller.from_joint_calling/CBR110-15-R3a.haplotypecaller.from_joint_calling.hard_filtered.TsTv.count",
                "reports/vcftools/haplotypecaller/CBR110-15-R3a.haplotypecaller.from_joint_calling/CBR110-15-R3a.haplotypecaller.from_joint_calling.hard_filtered.TsTv.qual",
                "reports/vcftools/haplotypecaller/CBR110-15-R3a/CBR110-15-R3a.haplotypecaller.from_joint_calling.FILTER.summary",
                "reports/vcftools/haplotypecaller/CBR110-15-R3a/CBR110-15-R3a.haplotypecaller.from_joint_calling.TsTv.count",
                "reports/vcftools/haplotypecaller/CBR110-15-R3a/CBR110-15-R3a.haplotypecaller.from_joint_calling.TsTv.qual",
                "reports/vcftools/haplotypecaller/NODRUG-GM2",
                "reports/vcftools/haplotypecaller/NODRUG-GM2.haplotypecaller.from_joint_calling",
                "reports/vcftools/haplotypecaller/NODRUG-GM2.haplotypecaller.from_joint_calling/NODRUG-GM2.haplotypecaller.from_joint_calling.hard_filtered.FILTER.summary",
                "reports/vcftools/haplotypecaller/NODRUG-GM2.haplotypecaller.from_joint_calling/NODRUG-GM2.haplotypecaller.from_joint_calling.hard_filtered.TsTv.count",
                "reports/vcftools/haplotypecaller/NODRUG-GM2.haplotypecaller.from_joint_calling/NODRUG-GM2.haplotypecaller.from_joint_calling.hard_filtered.TsTv.qual",
                "reports/vcftools/haplotypecaller/NODRUG-GM2/NODRUG-GM2.haplotypecaller.from_joint_calling.FILTER.summary",
                "reports/vcftools/haplotypecaller/NODRUG-GM2/NODRUG-GM2.haplotypecaller.from_joint_calling.TsTv.count",
                "reports/vcftools/haplotypecaller/NODRUG-GM2/NODRUG-GM2.haplotypecaller.from_joint_calling.TsTv.qual",
                "reports/vcftools/manta",
                "reports/vcftools/manta/CBR110-15-R3a",
                "reports/vcftools/manta/CBR110-15-R3a/CBR110-15-R3a.manta.diploid_sv.FILTER.summary",
                "reports/vcftools/manta/CBR110-15-R3a/CBR110-15-R3a.manta.diploid_sv.TsTv.count",
                "reports/vcftools/manta/CBR110-15-R3a/CBR110-15-R3a.manta.diploid_sv.TsTv.qual",
                "reports/vcftools/manta/NODRUG-GM2",
                "reports/vcftools/manta/NODRUG-GM2/NODRUG-GM2.manta.diploid_sv.FILTER.summary",
                "reports/vcftools/manta/NODRUG-GM2/NODRUG-GM2.manta.diploid_sv.TsTv.count",
                "reports/vcftools/manta/NODRUG-GM2/NODRUG-GM2.manta.diploid_sv.TsTv.qual",
                "reports/vcftools/tiddit",
                "reports/vcftools/tiddit/CBR110-15-R3a",
                "reports/vcftools/tiddit/CBR110-15-R3a/CBR110-15-R3a.tiddit.FILTER.summary",
                "reports/vcftools/tiddit/CBR110-15-R3a/CBR110-15-R3a.tiddit.TsTv.count",
                "reports/vcftools/tiddit/CBR110-15-R3a/CBR110-15-R3a.tiddit.TsTv.qual",
                "reports/vcftools/tiddit/NODRUG-GM2",
                "reports/vcftools/tiddit/NODRUG-GM2/NODRUG-GM2.tiddit.FILTER.summary",
                "reports/vcftools/tiddit/NODRUG-GM2/NODRUG-GM2.tiddit.TsTv.count",
                "reports/vcftools/tiddit/NODRUG-GM2/NODRUG-GM2.tiddit.TsTv.qual",
                "tabix",
                "tabix/CBR110-15-R3a.cnvcall.vcf.gz",
                "tabix/CBR110-15-R3a.cnvcall.vcf.gz.tbi",
                "tabix/CBR110-15-R3a.haplotypecaller.from_joint_calling.hard_filtered.vcf.gz.tbi",
                "tabix/CBR110-15-R3a.haplotypecaller.from_joint_calling.vcf.gz.tbi",
                "tabix/CBR110-15-R3a.manta.diploid_sv.vcf.gz.tbi",
                "tabix/CBR110-15-R3a.tiddit.vcf.gz.tbi",
                "tabix/HaplotypeCaller_joint_calling_soft_filtered.vcf.gz.tbi",
                "tabix/NODRUG-GM2.cnvcall.vcf.gz",
                "tabix/NODRUG-GM2.cnvcall.vcf.gz.tbi",
                "tabix/NODRUG-GM2.haplotypecaller.from_joint_calling.hard_filtered.vcf.gz.tbi",
                "tabix/NODRUG-GM2.haplotypecaller.from_joint_calling.vcf.gz.tbi",
                "tabix/NODRUG-GM2.manta.diploid_sv.vcf.gz.tbi",
                "tabix/NODRUG-GM2.tiddit.vcf.gz.tbi",
                "variant_calling",
                "variant_calling/cnvkit",
                "variant_calling/cnvkit/CBR110-15-R3a",
                "variant_calling/cnvkit/CBR110-15-R3a/CBR110-15-R3a.cnvcall.vcf",
                "variant_calling/cnvkit/CBR110-15-R3a/CBR110-15-R3a.md-diagram.pdf",
                "variant_calling/cnvkit/CBR110-15-R3a/CBR110-15-R3a.md-scatter.png",
                "variant_calling/cnvkit/CBR110-15-R3a/CBR110-15-R3a.md.antitargetcoverage.cnn",
                "variant_calling/cnvkit/CBR110-15-R3a/CBR110-15-R3a.md.bintest.cns",
                "variant_calling/cnvkit/CBR110-15-R3a/CBR110-15-R3a.md.call.cns",
                "variant_calling/cnvkit/CBR110-15-R3a/CBR110-15-R3a.md.cnr",
                "variant_calling/cnvkit/CBR110-15-R3a/CBR110-15-R3a.md.cns",
                "variant_calling/cnvkit/CBR110-15-R3a/CBR110-15-R3a.md.genemetrics.tsv",
                "variant_calling/cnvkit/CBR110-15-R3a/CBR110-15-R3a.md.germline.call.cns",
                "variant_calling/cnvkit/CBR110-15-R3a/CBR110-15-R3a.md.targetcoverage.cnn",
                "variant_calling/cnvkit/CBR110-15-R3a/S288C_R64_test.antitarget.bed",
                "variant_calling/cnvkit/CBR110-15-R3a/S288C_R64_test.target.bed",
                "variant_calling/cnvkit/CBR110-15-R3a/reference.cnn",
                "variant_calling/cnvkit/NODRUG-GM2",
                "variant_calling/cnvkit/NODRUG-GM2/NODRUG-GM2.cnvcall.vcf",
                "variant_calling/cnvkit/NODRUG-GM2/NODRUG-GM2.md-diagram.pdf",
                "variant_calling/cnvkit/NODRUG-GM2/NODRUG-GM2.md-scatter.png",
                "variant_calling/cnvkit/NODRUG-GM2/NODRUG-GM2.md.antitargetcoverage.cnn",
                "variant_calling/cnvkit/NODRUG-GM2/NODRUG-GM2.md.bintest.cns",
                "variant_calling/cnvkit/NODRUG-GM2/NODRUG-GM2.md.call.cns",
                "variant_calling/cnvkit/NODRUG-GM2/NODRUG-GM2.md.cnr",
                "variant_calling/cnvkit/NODRUG-GM2/NODRUG-GM2.md.cns",
                "variant_calling/cnvkit/NODRUG-GM2/NODRUG-GM2.md.genemetrics.tsv",
                "variant_calling/cnvkit/NODRUG-GM2/NODRUG-GM2.md.germline.call.cns",
                "variant_calling/cnvkit/NODRUG-GM2/NODRUG-GM2.md.targetcoverage.cnn",
                "variant_calling/cnvkit/NODRUG-GM2/S288C_R64_test.antitarget.bed",
                "variant_calling/cnvkit/NODRUG-GM2/S288C_R64_test.target.bed",
                "variant_calling/cnvkit/NODRUG-GM2/reference.cnn",
                "variant_calling/haplotypecaller",
                "variant_calling/haplotypecaller/CBR110-15-R3a",
                "variant_calling/haplotypecaller/CBR110-15-R3a/CBR110-15-R3a.haplotypecaller.g.vcf.gz",
                "variant_calling/haplotypecaller/CBR110-15-R3a/CBR110-15-R3a.haplotypecaller.g.vcf.gz.tbi",
                "variant_calling/haplotypecaller/NODRUG-GM2",
                "variant_calling/haplotypecaller/NODRUG-GM2/NODRUG-GM2.haplotypecaller.g.vcf.gz",
                "variant_calling/haplotypecaller/NODRUG-GM2/NODRUG-GM2.haplotypecaller.g.vcf.gz.tbi",
                "variant_calling/haplotypecaller/individual_from_joint",
                "variant_calling/haplotypecaller/individual_from_joint/CBR110-15-R3a",
                "variant_calling/haplotypecaller/individual_from_joint/CBR110-15-R3a/CBR110-15-R3a.haplotypecaller.from_joint_calling.vcf.gz",
                "variant_calling/haplotypecaller/individual_from_joint/CBR110-15-R3a/CBR110-15-R3a.haplotypecaller.from_joint_calling.vcf.gz.tbi",
                "variant_calling/haplotypecaller/individual_from_joint/NODRUG-GM2",
                "variant_calling/haplotypecaller/individual_from_joint/NODRUG-GM2/NODRUG-GM2.haplotypecaller.from_joint_calling.vcf.gz",
                "variant_calling/haplotypecaller/individual_from_joint/NODRUG-GM2/NODRUG-GM2.haplotypecaller.from_joint_calling.vcf.gz.tbi",
                "variant_calling/haplotypecaller/joint_variant_calling",
                "variant_calling/haplotypecaller/joint_variant_calling/HaplotypeCaller_joint_calling_soft_filtered.vcf.gz",
                "variant_calling/haplotypecaller/joint_variant_calling/HaplotypeCaller_joint_calling_soft_filtered.vcf.gz.tbi",
                "variant_calling/haplotypecaller/joint_variant_calling/joint_germline.vcf.gz",
                "variant_calling/haplotypecaller/joint_variant_calling/joint_germline.vcf.gz.tbi",
                "variant_calling/manta",
                "variant_calling/manta/CBR110-15-R3a",
                "variant_calling/manta/CBR110-15-R3a/CBR110-15-R3a.manta.diploid_sv.vcf.gz",
                "variant_calling/manta/CBR110-15-R3a/CBR110-15-R3a.manta.diploid_sv.vcf.gz.tbi",
                "variant_calling/manta/NODRUG-GM2",
                "variant_calling/manta/NODRUG-GM2/NODRUG-GM2.manta.diploid_sv.vcf.gz",
                "variant_calling/manta/NODRUG-GM2/NODRUG-GM2.manta.diploid_sv.vcf.gz.tbi",
                "variant_calling/manta/Ottilie_test",
                "variant_calling/manta/Ottilie_test/Ottilie_test.manta.diploid_sv.vcf.gz",
                "variant_calling/manta/Ottilie_test/Ottilie_test.manta.diploid_sv.vcf.gz.tbi",
                "variant_calling/tiddit",
                "variant_calling/tiddit/CBR110-15-R3a",
                "variant_calling/tiddit/CBR110-15-R3a/CBR110-15-R3a.tiddit.ploidies.tab",
                "variant_calling/tiddit/CBR110-15-R3a/CBR110-15-R3a.tiddit.vcf.gz",
                "variant_calling/tiddit/CBR110-15-R3a/CBR110-15-R3a.tiddit.vcf.gz.tbi",
                "variant_calling/tiddit/NODRUG-GM2",
                "variant_calling/tiddit/NODRUG-GM2/NODRUG-GM2.tiddit.ploidies.tab",
                "variant_calling/tiddit/NODRUG-GM2/NODRUG-GM2.tiddit.vcf.gz",
                "variant_calling/tiddit/NODRUG-GM2/NODRUG-GM2.tiddit.vcf.gz.tbi",
                "variant_calling_filtered",
                "variant_calling_filtered/haplotypecaller",
                "variant_calling_filtered/haplotypecaller/individual_from_joint",
                "variant_calling_filtered/haplotypecaller/individual_from_joint/CBR110-15-R3a",
                "variant_calling_filtered/haplotypecaller/individual_from_joint/CBR110-15-R3a/CBR110-15-R3a.haplotypecaller.from_joint_calling.hard_filtered.vcf.gz",
                "variant_calling_filtered/haplotypecaller/individual_from_joint/CBR110-15-R3a/CBR110-15-R3a.haplotypecaller.from_joint_calling.hard_filtered.vcf.gz.tbi",
                "variant_calling_filtered/haplotypecaller/individual_from_joint/NODRUG-GM2",
                "variant_calling_filtered/haplotypecaller/individual_from_joint/NODRUG-GM2/NODRUG-GM2.haplotypecaller.from_joint_calling.hard_filtered.vcf.gz",
                "variant_calling_filtered/haplotypecaller/individual_from_joint/NODRUG-GM2/NODRUG-GM2.haplotypecaller.from_joint_calling.hard_filtered.vcf.gz.tbi"
            ],
            [
                "S288C_R64_test.bed:md5,68cf4a72eb430177d849bcff7308ea4a",
                "bcftools-stats-subtypes.txt:md5,23b44137631870e23297cdc3a1c83e1e",
                "bcftools_stats_indel-lengths.txt:md5,63a26ae13c9dfba6a6ce4e8956abe7b1",
                "bcftools_stats_variant_depths.txt:md5,68e7ed438ae5130156117cf3a7ea5bae",
                "bcftools_stats_vqc_Count_Indels.txt:md5,130ea957a613281184c572a7a82af387",
                "bcftools_stats_vqc_Count_SNP.txt:md5,59f67c80b2a4c59d0f42b808689be4ad",
                "bcftools_stats_vqc_Count_Transitions.txt:md5,9a9820eaaa95f19e49d80d599f909eb8",
                "bcftools_stats_vqc_Count_Transversions.txt:md5,6a5a08527e67d797038bfd18b2da7bf7",
                "fastqc-status-check-heatmap.txt:md5,e47e0dc87a3caa55beb3b404bbc32812",
                "fastqc_adapter_content_plot.txt:md5,535aee477418150883406d3b5ccc10d6",
                "fastqc_per_base_n_content_plot.txt:md5,9fb571f1a2f47304df4cfd7dd4ec0e66",
                "fastqc_per_base_sequence_quality_plot.txt:md5,9c2092aa08307b83cbe52bb0e6d53f82",
                "fastqc_per_sequence_gc_content_plot_Counts.txt:md5,1063a3ac183afb40d1927b2a505f113f",
                "fastqc_per_sequence_gc_content_plot_Percentages.txt:md5,6bd328a38a7ceb19a3268cef9d663a01",
                "fastqc_per_sequence_quality_scores_plot.txt:md5,59543b1b4251ce299341bef9592ea940",
                "fastqc_sequence_counts_plot.txt:md5,60ede4bcb8a099102ea7f8ba99c62097",
                "fastqc_sequence_duplication_levels_plot.txt:md5,8a9074d02118aab755abea8df13bf672",
                "fastqc_top_overrepresented_sequences_table.txt:md5,d41d8cd98f00b204e9800998ecf8427e",
                "mosdepth-coverage-per-contig-multi.txt:md5,5b55097f3b2c670d1a09d92055eb5bf9",
                "mosdepth-cumcoverage-dist-id.txt:md5,89f0b878390e110e2c2eda28da3f1777",
                "mosdepth_cov_dist.txt:md5,5491836b868687b2c4e232bf9acd1a43",
                "mosdepth_cumcov_dist.txt:md5,5491836b868687b2c4e232bf9acd1a43",
                "mosdepth_perchrom.txt:md5,7f37dfc232f7e0b1fc06cb3074896550",
                "multiqc_bcftools_stats.txt:md5,ec58475159dc280ec3f335ae4f8bd1dc",
                "multiqc_citations.txt:md5,32ad6286db5479a1e4689540eccc022d",
                "multiqc_fastqc.txt:md5,791e74343f22535c6893cfe344a6fd8b",
                "multiqc_samtools_stats.txt:md5,21ec321870e1814103593cf7e46a6a6c",
                "picard_histogram.txt:md5,d41d8cd98f00b204e9800998ecf8427e",
                "picard_histogram_1.txt:md5,d41d8cd98f00b204e9800998ecf8427e",
                "picard_histogram_2.txt:md5,d41d8cd98f00b204e9800998ecf8427e",
                "samtools-stats-dp.txt:md5,c8c277d250bc4d58b8e525f8d8e21207",
                "samtools_alignment_plot.txt:md5,55ac0136b72708cb4d34c20af6b78ade",
                "vcftools_tstv_by_count.txt:md5,df16d4e7235509a460dd28afc7ac8dd1",
                "CBR110-15-R3a.manta.pass_stats.tsv:md5,33b11eb5d16a88a9b0fa3fb5e755875d",
                "CBR110-15-R3a.tiddit.pass_stats.tsv:md5,86a1b8006d13cce1c7f3d5eddd282c86",
                "NODRUG-GM2.manta.pass_stats.tsv:md5,be803db4db024c3fa57440dea38d7484",
                "NODRUG-GM2.tiddit.pass_stats.tsv:md5,80e93fd280f2aef6760b83422a773c19",
                "cn_cohort_collapsed.csv:md5,e38eb9958764962dfd3824d96c084981",
                "cn_cohort_full.csv:md5,e905fc6e335e04fc309e4a0f604d62ca",
                "cn_bins_continuous.csv:md5,e905fc6e335e04fc309e4a0f604d62ca",
                "cn_chr_summary_call.csv:md5,a3a67ba565a234253de092796cb6675f",
                "cn_chr_summary_germline.csv:md5,83aa6ce6df3a3cd9862313b8137503a7",
                "cn_segments_call.csv:md5,7cf3210eb53398e7b748b85babcbc632",
                "cn_segments_germline.csv:md5,1c40806b57e3292d8ac99fc2fbbccf22",
                "contig_copy_number.csv:md5,1ea1360ceac25d23cc6f0d829411a6e8",
                "sv_cohort_matrix_union.csv:md5,c883423a3ccbf1bec4ad910e942c80a4",
                "sv_cohort_matrix_union_pass.csv:md5,bd0fdebafbdd6b0a1b7bbfdf89696195",
                "README.md:md5,4c89f46831204250f187896d81299fa2",
                "CBR110-15-R3a.cnvcall.bcftools_stats.txt:md5,9cfb764049fcb85793f043bd51c5edaa",
                "NODRUG-GM2.cnvcall.bcftools_stats.txt:md5,04711ca4b2d63ff56370f492f617b6fe",
                "CBR110-15-R3a.haplotypecaller.from_joint_calling.hard_filtered.bcftools_stats.txt:md5,8ecd7fbb5891d34f172ca5f9ed97bc32",
                "CBR110-15-R3a.haplotypecaller.from_joint_calling.bcftools_stats.txt:md5,d7a54f6078245b31ccd5148eb8c01a3c",
                "NODRUG-GM2.haplotypecaller.from_joint_calling.hard_filtered.bcftools_stats.txt:md5,9903eb61ef483d9bc5f54829deccafda",
                "NODRUG-GM2.haplotypecaller.from_joint_calling.bcftools_stats.txt:md5,be79f4a0f21bd6c817a2b9e79d17e49d",
                "HaplotypeCaller_joint_calling_soft_filtered.bcftools_stats.txt:md5,9426b0076ed223f594936524026515da",
                "CBR110-15-R3a.manta.diploid_sv.bcftools_stats.txt:md5,1d9d25fa47c4b0ac1c344dd7e606876a",
                "NODRUG-GM2.manta.diploid_sv.bcftools_stats.txt:md5,7f73fbd018edd7c5ace0602e0460f17a",
                "CBR110-15-R3a.tiddit.bcftools_stats.txt:md5,001f5d838e3f01897b7fe3097d54cdab",
                "NODRUG-GM2.tiddit.bcftools_stats.txt:md5,1ea0c81db44ca30250e56b2240d89190",
                "CBR110-15-R3a.md.mosdepth.global.dist.txt:md5,e4ae17c6f8da88b8464fb2ba0697f8a5",
                "CBR110-15-R3a.md.mosdepth.region.dist.txt:md5,8e93cdc7b766763495dd670fb2983efe",
                "CBR110-15-R3a.md.mosdepth.summary.txt:md5,c4b0dec8381aeb2827c80bad275d6a41",
                "CBR110-15-R3a.md.regions.bed.gz:md5,9e407890b82f2107a9beb932955b9076",
                "CBR110-15-R3a.md.regions.bed.gz.csi:md5,0a6541c2da6a1b549f96969fd9737189",
                "NODRUG-GM2.md.mosdepth.global.dist.txt:md5,558105650fe9f90488a0ea2998fdf6b6",
                "NODRUG-GM2.md.mosdepth.region.dist.txt:md5,4bcf5d8afdf776659ee8dc1bf633fad2",
                "NODRUG-GM2.md.mosdepth.summary.txt:md5,361ca140b93b7af41207a4e1aee9868e",
                "NODRUG-GM2.md.regions.bed.gz:md5,2a340a4035f642c34a965392ec4cb1f5",
                "NODRUG-GM2.md.regions.bed.gz.csi:md5,d8dbf04fc4af5984f66508dd8719ed2e",
                "CBR110-15-R3a.cnvcall_snpEff.genes.txt:md5,798cbc952fd5421b30185394159c55e7",
                "NODRUG-GM2.cnvcall_snpEff.genes.txt:md5,130536bf0237d7f3f746d32aaa32840a",
                "CBR110-15-R3a.haplotypecaller.from_joint_calling.hard_filtered_snpEff.genes.txt:md5,58a649985d07671624939d4e59b7bd33",
                "CBR110-15-R3a.haplotypecaller.from_joint_calling_snpEff.genes.txt:md5,ff0f4bc1897c38431259d71b573aad90",
                "NODRUG-GM2.haplotypecaller.from_joint_calling.hard_filtered_snpEff.genes.txt:md5,c2751494e28bc5bc85c47a24d519793f",
                "NODRUG-GM2.haplotypecaller.from_joint_calling_snpEff.genes.txt:md5,eb52526686fd9db63da77cde2dd890d0",
                "HaplotypeCaller_joint_calling_soft_filtered_snpEff.genes.txt:md5,6bee924a3a702d0137e5d1c9913a18f8",
                "CBR110-15-R3a.manta.diploid_sv_snpEff.genes.txt:md5,51bb5dc47960e7ba152ce2e3691e3ba8",
                "NODRUG-GM2.manta.diploid_sv_snpEff.genes.txt:md5,51bb5dc47960e7ba152ce2e3691e3ba8",
                "CBR110-15-R3a.tiddit_snpEff.genes.txt:md5,a001a7210ceb127157e271c7a29d0c0e",
                "NODRUG-GM2.tiddit_snpEff.genes.txt:md5,02d6e88e52bd24071c9d08d39d38c90f",
                "CBR110-15-R3a.cnvcall.FILTER.summary:md5,7cbcc4a429829aa50424669e7f8d6d8b",
                "CBR110-15-R3a.cnvcall.TsTv.count:md5,fa27f678965b7cba6a92efcd039f802a",
                "NODRUG-GM2.cnvcall.FILTER.summary:md5,1ce42d34e4ae919afb519efc99146423",
                "NODRUG-GM2.cnvcall.TsTv.count:md5,fa27f678965b7cba6a92efcd039f802a",
                "CBR110-15-R3a.haplotypecaller.from_joint_calling.hard_filtered.FILTER.summary:md5,6fc853febd80d103e96cb77542a51af3",
                "CBR110-15-R3a.haplotypecaller.from_joint_calling.hard_filtered.TsTv.count:md5,86e300b3926a22dfa189ad3836331fda",
                "CBR110-15-R3a.haplotypecaller.from_joint_calling.FILTER.summary:md5,843783da5bddd4096f927279d6c66195",
                "CBR110-15-R3a.haplotypecaller.from_joint_calling.TsTv.count:md5,e60fd1f3112c57122711c39ca9dc1dcc",
                "NODRUG-GM2.haplotypecaller.from_joint_calling.hard_filtered.FILTER.summary:md5,a67c9cb720cc911626bb9115bc457b36",
                "NODRUG-GM2.haplotypecaller.from_joint_calling.hard_filtered.TsTv.count:md5,bfd88f1dbdbb58680dd38b2942b16f33",
                "NODRUG-GM2.haplotypecaller.from_joint_calling.FILTER.summary:md5,d0ba7b52ee1568aeb6794a16407ecb6a",
                "NODRUG-GM2.haplotypecaller.from_joint_calling.TsTv.count:md5,5dda1058dff7f51f3b9e9cf6f776ecb5",
                "CBR110-15-R3a.manta.diploid_sv.FILTER.summary:md5,5500cf3e8d17a7d91e2135f2ddd603b6",
                "CBR110-15-R3a.manta.diploid_sv.TsTv.count:md5,fa27f678965b7cba6a92efcd039f802a",
                "NODRUG-GM2.manta.diploid_sv.FILTER.summary:md5,b225408025dd12a8d08c1f40888a6147",
                "NODRUG-GM2.manta.diploid_sv.TsTv.count:md5,fa27f678965b7cba6a92efcd039f802a",
                "CBR110-15-R3a.tiddit.FILTER.summary:md5,6cda021d085cd7a12fb39f9f38d7e0cd",
                "CBR110-15-R3a.tiddit.TsTv.count:md5,fa27f678965b7cba6a92efcd039f802a",
                "NODRUG-GM2.tiddit.FILTER.summary:md5,9079ee8bd954b2cfe73b472bc7d8f4b4",
                "NODRUG-GM2.tiddit.TsTv.count:md5,fa27f678965b7cba6a92efcd039f802a",
                "CBR110-15-R3a.md-scatter.png:md5,073a94c15360565cf518a23999dcdac3",
                "CBR110-15-R3a.md.antitargetcoverage.cnn:md5,203caf8cef6935bb50b4138097955cb8",
                "CBR110-15-R3a.md.bintest.cns:md5,b464cf9ff64553fcca99d01f5f40138a",
                "CBR110-15-R3a.md.call.cns:md5,09aa28ff67a825291e762ea0f88bda98",
                "CBR110-15-R3a.md.cnr:md5,180d6a7ddf0ee002e7a5248a1a1e6d4a",
                "CBR110-15-R3a.md.cns:md5,a10bb92d20ce78043889f3c75ae25927",
                "CBR110-15-R3a.md.genemetrics.tsv:md5,5ec3555520f502f00f551ae7900a3824",
                "CBR110-15-R3a.md.germline.call.cns:md5,5c461bc0f538ace6f925c10d2e89d018",
                "CBR110-15-R3a.md.targetcoverage.cnn:md5,6c8e8d1a94dc6f07ed8ee73f4b898aa6",
                "S288C_R64_test.antitarget.bed:md5,d41d8cd98f00b204e9800998ecf8427e",
                "S288C_R64_test.target.bed:md5,a7314f9b71db77851e1771830cfc1513",
                "reference.cnn:md5,630ade36a6d6842de5cd03de602d6568",
                "NODRUG-GM2.md-scatter.png:md5,9c11fc8a8c83fc6b1ee6d4dde1223ed5",
                "NODRUG-GM2.md.antitargetcoverage.cnn:md5,203caf8cef6935bb50b4138097955cb8",
                "NODRUG-GM2.md.bintest.cns:md5,35170741e76508caa5848bdcf0048ea2",
                "NODRUG-GM2.md.call.cns:md5,4f0c0d920a40cd28f9867b38d74b693c",
                "NODRUG-GM2.md.cnr:md5,833b3a973baf977bb766afb9b100cf79",
                "NODRUG-GM2.md.cns:md5,6a69f12ca36d5a1f609945c2dc9c3746",
                "NODRUG-GM2.md.genemetrics.tsv:md5,5ec3555520f502f00f551ae7900a3824",
                "NODRUG-GM2.md.germline.call.cns:md5,0a50e6943d9575313f93081fb5d0db54",
                "NODRUG-GM2.md.targetcoverage.cnn:md5,62810963a20ee062656a0371d1a848a0",
                "S288C_R64_test.antitarget.bed:md5,d41d8cd98f00b204e9800998ecf8427e",
                "S288C_R64_test.target.bed:md5,a7314f9b71db77851e1771830cfc1513",
                "reference.cnn:md5,630ade36a6d6842de5cd03de602d6568",
                "CBR110-15-R3a.tiddit.ploidies.tab:md5,4bad14051c492c6c5b8cb3668b5e5275",
                "NODRUG-GM2.tiddit.ploidies.tab:md5,1176e3d31d770c050fbb4dae216f7891"
            ],
            {
                "cohort_report.html": "071b7fb226d35311e2109b91dcb9bd9e",
                "samples/CBR110-15-R3a_cnvkit_report.html": "8035bea4487caa03a220ca7d1f527a6d",
                "samples/CBR110-15-R3a_hc_report.html": "1c4df5d901d3ff76271b9877f1bd6f49",
                "samples/CBR110-15-R3a_manta_report.html": "f15fcf656ad6eefe06d1e7a9b5ffc9a1",
                "samples/CBR110-15-R3a_tiddit_report.html": "0d3fa3a3628bd7e507a5bbbc8398eefb",
                "samples/NODRUG-GM2_cnvkit_report.html": "501281d6211d3b4bd68d551ae69d9af5",
                "samples/NODRUG-GM2_hc_report.html": "ae2e5ffd3dc566b5e3cc8a175434a018",
                "samples/NODRUG-GM2_manta_report.html": "ff8577910f12416a401957da1513976c",
                "samples/NODRUG-GM2_tiddit_report.html": "b77b87261ac1376f114bb5656d16593d"
            },
            "87e80422be2cb722adc9bfc26d9fdf1d"
        ],
        "meta": {
            "nf-test": "0.9.3",
            "nextflow": "25.10.4"
        },
        "timestamp": "2026-08-28T14:17:29.884029409"
    }
}