{
    "ottilie 2-sample: full ALE workflow + mutation report": {
        "content": [
            169,
            {
                "BCFTOOLS_FILTER": {
                    "bcftools": 1.21
                },
                "BCFTOOLS_HARD_FILTER_JOINT": {
                    "bcftools": 1.21
                },
                "BCFTOOLS_STATS": {
                    "bcftools": 1.2
                },
                "BCFTOOLS_VIEW": {
                    "bcftools": 1.21
                },
                "BWAMEM1_MEM": {
                    "bwa": "0.7.18-r1243-dirty",
                    "samtools": 1.2
                },
                "CNVKIT_BATCH": {
                    "samtools": 1.17,
                    "cnvkit": "0.9.10"
                },
                "CNVKIT_CALL": {
                    "cnvkit": "0.9.10"
                },
                "CNVKIT_EXPORT": {
                    "cnvkit": "0.9.10"
                },
                "CNVKIT_GENEMETRICS": {
                    "cnvkit": "0.9.10"
                },
                "FASTQC": {
                    "fastqc": "0.12.1"
                },
                "GATK4_GENOMICSDBIMPORT": {
                    "gatk4": "4.5.0.0"
                },
                "GATK4_GENOTYPEGVCFS": {
                    "gatk4": "4.5.0.0"
                },
                "GATK4_HAPLOTYPECALLER": {
                    "gatk4": "4.5.0.0"
                },
                "GATK4_MARKDUPLICATES": {
                    "gatk4": "4.5.0.0",
                    "samtools": "1.19.2"
                },
                "MANTA_GERMLINE": {
                    "manta": "1.6.0"
                },
                "MOSDEPTH": {
                    "mosdepth": "0.3.8"
                },
                "SAMTOOLS_STATS": {
                    "samtools": 1.21
                },
                "SNPEFF_SNPEFF": {
                    "snpeff": "5.1d"
                },
                "TABIX_BGZIPTABIX": {
                    "tabix": 1.2
                },
                "TABIX_BGZIP_CNVKIT": {
                    "tabix": 1.2
                },
                "TABIX_BGZIP_TIDDIT_SV": {
                    "tabix": 1.2
                },
                "TIDDIT_SV": {
                    "tiddit": "3.6.1"
                },
                "VARIANTFILTRATION_FALLBACK": {
                    "gatk4": "4.6.2.0"
                },
                "VCFTOOLS_TSTV_COUNT": {
                    "vcftools": "0.1.16"
                },
                "Workflow": {
                    "nf-core/sarek": "v3.5.1"
                }
            },
            [
                "annotation",
                "annotation/cnvkit",
                "annotation/cnvkit/CBR110-15-R3a",
                "annotation/cnvkit/CBR110-15-R3a/CBR110-15-R3a.cnvcall_snpEff.ann.vcf.gz",
                "annotation/cnvkit/CBR110-15-R3a/CBR110-15-R3a.cnvcall_snpEff.ann.vcf.gz.tbi",
                "annotation/cnvkit/NODRUG-GM2",
                "annotation/cnvkit/NODRUG-GM2/NODRUG-GM2.cnvcall_snpEff.ann.vcf.gz",
                "annotation/cnvkit/NODRUG-GM2/NODRUG-GM2.cnvcall_snpEff.ann.vcf.gz.tbi",
                "annotation/haplotypecaller",
                "annotation/haplotypecaller/CBR110-15-R3a",
                "annotation/haplotypecaller/CBR110-15-R3a.haplotypecaller.from_joint_calling",
                "annotation/haplotypecaller/CBR110-15-R3a.haplotypecaller.from_joint_calling/CBR110-15-R3a.haplotypecaller.from_joint_calling.hard_filtered_snpEff.ann.vcf.gz",
                "annotation/haplotypecaller/CBR110-15-R3a.haplotypecaller.from_joint_calling/CBR110-15-R3a.haplotypecaller.from_joint_calling.hard_filtered_snpEff.ann.vcf.gz.tbi",
                "annotation/haplotypecaller/CBR110-15-R3a/CBR110-15-R3a.haplotypecaller.from_joint_calling_snpEff.ann.vcf.gz",
                "annotation/haplotypecaller/CBR110-15-R3a/CBR110-15-R3a.haplotypecaller.from_joint_calling_snpEff.ann.vcf.gz.tbi",
                "annotation/haplotypecaller/NODRUG-GM2",
                "annotation/haplotypecaller/NODRUG-GM2.haplotypecaller.from_joint_calling",
                "annotation/haplotypecaller/NODRUG-GM2.haplotypecaller.from_joint_calling/NODRUG-GM2.haplotypecaller.from_joint_calling.hard_filtered_snpEff.ann.vcf.gz",
                "annotation/haplotypecaller/NODRUG-GM2.haplotypecaller.from_joint_calling/NODRUG-GM2.haplotypecaller.from_joint_calling.hard_filtered_snpEff.ann.vcf.gz.tbi",
                "annotation/haplotypecaller/NODRUG-GM2/NODRUG-GM2.haplotypecaller.from_joint_calling_snpEff.ann.vcf.gz",
                "annotation/haplotypecaller/NODRUG-GM2/NODRUG-GM2.haplotypecaller.from_joint_calling_snpEff.ann.vcf.gz.tbi",
                "annotation/haplotypecaller/joint_variant_calling",
                "annotation/haplotypecaller/joint_variant_calling/HaplotypeCaller_joint_calling_soft_filtered_snpEff.ann.vcf.gz",
                "annotation/haplotypecaller/joint_variant_calling/HaplotypeCaller_joint_calling_soft_filtered_snpEff.ann.vcf.gz.tbi",
                "annotation/manta",
                "annotation/manta/CBR110-15-R3a",
                "annotation/manta/CBR110-15-R3a/CBR110-15-R3a.manta.diploid_sv_snpEff.ann.vcf.gz",
                "annotation/manta/CBR110-15-R3a/CBR110-15-R3a.manta.diploid_sv_snpEff.ann.vcf.gz.tbi",
                "annotation/manta/NODRUG-GM2",
                "annotation/manta/NODRUG-GM2/NODRUG-GM2.manta.diploid_sv_snpEff.ann.vcf.gz",
                "annotation/manta/NODRUG-GM2/NODRUG-GM2.manta.diploid_sv_snpEff.ann.vcf.gz.tbi",
                "annotation/tiddit",
                "annotation/tiddit/CBR110-15-R3a",
                "annotation/tiddit/CBR110-15-R3a/CBR110-15-R3a.tiddit_snpEff.ann.vcf.gz",
                "annotation/tiddit/CBR110-15-R3a/CBR110-15-R3a.tiddit_snpEff.ann.vcf.gz.tbi",
                "annotation/tiddit/NODRUG-GM2",
                "annotation/tiddit/NODRUG-GM2/NODRUG-GM2.tiddit_snpEff.ann.vcf.gz",
                "annotation/tiddit/NODRUG-GM2/NODRUG-GM2.tiddit_snpEff.ann.vcf.gz.tbi",
                "build",
                "build/fai.bed",
                "csv",
                "csv/markduplicates_no_table.csv",
                "csv/variantcalled.csv",
                "multiqc",
                "multiqc/multiqc_data",
                "multiqc/multiqc_data/bcftools-stats-subtypes.txt",
                "multiqc/multiqc_data/bcftools_stats_indel-lengths.txt",
                "multiqc/multiqc_data/bcftools_stats_variant_depths.txt",
                "multiqc/multiqc_data/bcftools_stats_vqc_Count_Indels.txt",
                "multiqc/multiqc_data/bcftools_stats_vqc_Count_SNP.txt",
                "multiqc/multiqc_data/bcftools_stats_vqc_Count_Transitions.txt",
                "multiqc/multiqc_data/bcftools_stats_vqc_Count_Transversions.txt",
                "multiqc/multiqc_data/fastqc-status-check-heatmap.txt",
                "multiqc/multiqc_data/fastqc_adapter_content_plot.txt",
                "multiqc/multiqc_data/fastqc_per_base_n_content_plot.txt",
                "multiqc/multiqc_data/fastqc_per_base_sequence_quality_plot.txt",
                "multiqc/multiqc_data/fastqc_per_sequence_gc_content_plot_Counts.txt",
                "multiqc/multiqc_data/fastqc_per_sequence_gc_content_plot_Percentages.txt",
                "multiqc/multiqc_data/fastqc_per_sequence_quality_scores_plot.txt",
                "multiqc/multiqc_data/fastqc_sequence_counts_plot.txt",
                "multiqc/multiqc_data/fastqc_sequence_duplication_levels_plot.txt",
                "multiqc/multiqc_data/fastqc_top_overrepresented_sequences_table.txt",
                "multiqc/multiqc_data/mosdepth-coverage-per-contig-multi.txt",
                "multiqc/multiqc_data/mosdepth-cumcoverage-dist-id.txt",
                "multiqc/multiqc_data/mosdepth_cov_dist.txt",
                "multiqc/multiqc_data/mosdepth_cumcov_dist.txt",
                "multiqc/multiqc_data/mosdepth_perchrom.txt",
                "multiqc/multiqc_data/multiqc.log",
                "multiqc/multiqc_data/multiqc_bcftools_stats.txt",
                "multiqc/multiqc_data/multiqc_citations.txt",
                "multiqc/multiqc_data/multiqc_data.json",
                "multiqc/multiqc_data/multiqc_fastqc.txt",
                "multiqc/multiqc_data/multiqc_general_stats.txt",
                "multiqc/multiqc_data/multiqc_picard_dups.txt",
                "multiqc/multiqc_data/multiqc_samtools_stats.txt",
                "multiqc/multiqc_data/multiqc_snpeff.txt",
                "multiqc/multiqc_data/multiqc_software_versions.txt",
                "multiqc/multiqc_data/multiqc_sources.txt",
                "multiqc/multiqc_data/picard_deduplication.txt",
                "multiqc/multiqc_data/picard_histogram.txt",
                "multiqc/multiqc_data/picard_histogram_1.txt",
                "multiqc/multiqc_data/picard_histogram_2.txt",
                "multiqc/multiqc_data/samtools-stats-dp.txt",
                "multiqc/multiqc_data/samtools_alignment_plot.txt",
                "multiqc/multiqc_data/snpeff_effects.txt",
                "multiqc/multiqc_data/snpeff_qualities.txt",
                "multiqc/multiqc_data/snpeff_variant_effects_class.txt",
                "multiqc/multiqc_data/snpeff_variant_effects_impact.txt",
                "multiqc/multiqc_data/snpeff_variant_effects_region.txt",
                "multiqc/multiqc_data/vcftools_tstv_by_count.txt",
                "multiqc/multiqc_data/vcftools_tstv_by_qual.txt",
                "multiqc/multiqc_plots",
                "multiqc/multiqc_plots/pdf",
                "multiqc/multiqc_plots/pdf/bcftools-stats-subtypes-cnt.pdf",
                "multiqc/multiqc_plots/pdf/bcftools-stats-subtypes-pct.pdf",
                "multiqc/multiqc_plots/pdf/bcftools_stats_indel-lengths.pdf",
                "multiqc/multiqc_plots/pdf/bcftools_stats_variant_depths.pdf",
                "multiqc/multiqc_plots/pdf/bcftools_stats_vqc_Count_Indels.pdf",
                "multiqc/multiqc_plots/pdf/bcftools_stats_vqc_Count_SNP.pdf",
                "multiqc/multiqc_plots/pdf/bcftools_stats_vqc_Count_Transitions.pdf",
                "multiqc/multiqc_plots/pdf/bcftools_stats_vqc_Count_Transversions.pdf",
                "multiqc/multiqc_plots/pdf/fastqc-status-check-heatmap.pdf",
                "multiqc/multiqc_plots/pdf/fastqc_adapter_content_plot.pdf",
                "multiqc/multiqc_plots/pdf/fastqc_per_base_n_content_plot.pdf",
                "multiqc/multiqc_plots/pdf/fastqc_per_base_sequence_quality_plot.pdf",
                "multiqc/multiqc_plots/pdf/fastqc_per_sequence_gc_content_plot_Counts.pdf",
                "multiqc/multiqc_plots/pdf/fastqc_per_sequence_gc_content_plot_Percentages.pdf",
                "multiqc/multiqc_plots/pdf/fastqc_per_sequence_quality_scores_plot.pdf",
                "multiqc/multiqc_plots/pdf/fastqc_sequence_counts_plot-cnt.pdf",
                "multiqc/multiqc_plots/pdf/fastqc_sequence_counts_plot-pct.pdf",
                "multiqc/multiqc_plots/pdf/fastqc_sequence_duplication_levels_plot.pdf",
                "multiqc/multiqc_plots/pdf/fastqc_top_overrepresented_sequences_table.pdf",
                "multiqc/multiqc_plots/pdf/general_stats_table.pdf",
                "multiqc/multiqc_plots/pdf/mosdepth-coverage-per-contig-multi-cnt.pdf",
                "multiqc/multiqc_plots/pdf/mosdepth-coverage-per-contig-multi-log.pdf",
                "multiqc/multiqc_plots/pdf/mosdepth-cumcoverage-dist-id.pdf",
                "multiqc/multiqc_plots/pdf/picard_deduplication-cnt.pdf",
                "multiqc/multiqc_plots/pdf/picard_deduplication-pct.pdf",
                "multiqc/multiqc_plots/pdf/samtools-stats-dp.pdf",
                "multiqc/multiqc_plots/pdf/samtools_alignment_plot-cnt.pdf",
                "multiqc/multiqc_plots/pdf/samtools_alignment_plot-pct.pdf",
                "multiqc/multiqc_plots/pdf/snpeff_effects-cnt.pdf",
                "multiqc/multiqc_plots/pdf/snpeff_effects-pct.pdf",
                "multiqc/multiqc_plots/pdf/snpeff_qualities.pdf",
                "multiqc/multiqc_plots/pdf/snpeff_variant_effects_class-cnt.pdf",
                "multiqc/multiqc_plots/pdf/snpeff_variant_effects_class-log.pdf",
                "multiqc/multiqc_plots/pdf/snpeff_variant_effects_class-pct-log.pdf",
                "multiqc/multiqc_plots/pdf/snpeff_variant_effects_class-pct.pdf",
                "multiqc/multiqc_plots/pdf/snpeff_variant_effects_impact-cnt.pdf",
                "multiqc/multiqc_plots/pdf/snpeff_variant_effects_impact-log.pdf",
                "multiqc/multiqc_plots/pdf/snpeff_variant_effects_impact-pct-log.pdf",
                "multiqc/multiqc_plots/pdf/snpeff_variant_effects_impact-pct.pdf",
                "multiqc/multiqc_plots/pdf/snpeff_variant_effects_region-cnt.pdf",
                "multiqc/multiqc_plots/pdf/snpeff_variant_effects_region-log.pdf",
                "multiqc/multiqc_plots/pdf/snpeff_variant_effects_region-pct-log.pdf",
                "multiqc/multiqc_plots/pdf/snpeff_variant_effects_region-pct.pdf",
                "multiqc/multiqc_plots/pdf/vcftools_tstv_by_count.pdf",
                "multiqc/multiqc_plots/pdf/vcftools_tstv_by_qual.pdf",
                "multiqc/multiqc_plots/png",
                "multiqc/multiqc_plots/png/bcftools-stats-subtypes-cnt.png",
                "multiqc/multiqc_plots/png/bcftools-stats-subtypes-pct.png",
                "multiqc/multiqc_plots/png/bcftools_stats_indel-lengths.png",
                "multiqc/multiqc_plots/png/bcftools_stats_variant_depths.png",
                "multiqc/multiqc_plots/png/bcftools_stats_vqc_Count_Indels.png",
                "multiqc/multiqc_plots/png/bcftools_stats_vqc_Count_SNP.png",
                "multiqc/multiqc_plots/png/bcftools_stats_vqc_Count_Transitions.png",
                "multiqc/multiqc_plots/png/bcftools_stats_vqc_Count_Transversions.png",
                "multiqc/multiqc_plots/png/fastqc-status-check-heatmap.png",
                "multiqc/multiqc_plots/png/fastqc_adapter_content_plot.png",
                "multiqc/multiqc_plots/png/fastqc_per_base_n_content_plot.png",
                "multiqc/multiqc_plots/png/fastqc_per_base_sequence_quality_plot.png",
                "multiqc/multiqc_plots/png/fastqc_per_sequence_gc_content_plot_Counts.png",
                "multiqc/multiqc_plots/png/fastqc_per_sequence_gc_content_plot_Percentages.png",
                "multiqc/multiqc_plots/png/fastqc_per_sequence_quality_scores_plot.png",
                "multiqc/multiqc_plots/png/fastqc_sequence_counts_plot-cnt.png",
                "multiqc/multiqc_plots/png/fastqc_sequence_counts_plot-pct.png",
                "multiqc/multiqc_plots/png/fastqc_sequence_duplication_levels_plot.png",
                "multiqc/multiqc_plots/png/fastqc_top_overrepresented_sequences_table.png",
                "multiqc/multiqc_plots/png/general_stats_table.png",
                "multiqc/multiqc_plots/png/mosdepth-coverage-per-contig-multi-cnt.png",
                "multiqc/multiqc_plots/png/mosdepth-coverage-per-contig-multi-log.png",
                "multiqc/multiqc_plots/png/mosdepth-cumcoverage-dist-id.png",
                "multiqc/multiqc_plots/png/picard_deduplication-cnt.png",
                "multiqc/multiqc_plots/png/picard_deduplication-pct.png",
                "multiqc/multiqc_plots/png/samtools-stats-dp.png",
                "multiqc/multiqc_plots/png/samtools_alignment_plot-cnt.png",
                "multiqc/multiqc_plots/png/samtools_alignment_plot-pct.png",
                "multiqc/multiqc_plots/png/snpeff_effects-cnt.png",
                "multiqc/multiqc_plots/png/snpeff_effects-pct.png",
                "multiqc/multiqc_plots/png/snpeff_qualities.png",
                "multiqc/multiqc_plots/png/snpeff_variant_effects_class-cnt.png",
                "multiqc/multiqc_plots/png/snpeff_variant_effects_class-log.png",
                "multiqc/multiqc_plots/png/snpeff_variant_effects_class-pct-log.png",
                "multiqc/multiqc_plots/png/snpeff_variant_effects_class-pct.png",
                "multiqc/multiqc_plots/png/snpeff_variant_effects_impact-cnt.png",
                "multiqc/multiqc_plots/png/snpeff_variant_effects_impact-log.png",
                "multiqc/multiqc_plots/png/snpeff_variant_effects_impact-pct-log.png",
                "multiqc/multiqc_plots/png/snpeff_variant_effects_impact-pct.png",
                "multiqc/multiqc_plots/png/snpeff_variant_effects_region-cnt.png",
                "multiqc/multiqc_plots/png/snpeff_variant_effects_region-log.png",
                "multiqc/multiqc_plots/png/snpeff_variant_effects_region-pct-log.png",
                "multiqc/multiqc_plots/png/snpeff_variant_effects_region-pct.png",
                "multiqc/multiqc_plots/png/vcftools_tstv_by_count.png",
                "multiqc/multiqc_plots/png/vcftools_tstv_by_qual.png",
                "multiqc/multiqc_plots/svg",
                "multiqc/multiqc_plots/svg/bcftools-stats-subtypes-cnt.svg",
                "multiqc/multiqc_plots/svg/bcftools-stats-subtypes-pct.svg",
                "multiqc/multiqc_plots/svg/bcftools_stats_indel-lengths.svg",
                "multiqc/multiqc_plots/svg/bcftools_stats_variant_depths.svg",
                "multiqc/multiqc_plots/svg/bcftools_stats_vqc_Count_Indels.svg",
                "multiqc/multiqc_plots/svg/bcftools_stats_vqc_Count_SNP.svg",
                "multiqc/multiqc_plots/svg/bcftools_stats_vqc_Count_Transitions.svg",
                "multiqc/multiqc_plots/svg/bcftools_stats_vqc_Count_Transversions.svg",
                "multiqc/multiqc_plots/svg/fastqc-status-check-heatmap.svg",
                "multiqc/multiqc_plots/svg/fastqc_adapter_content_plot.svg",
                "multiqc/multiqc_plots/svg/fastqc_per_base_n_content_plot.svg",
                "multiqc/multiqc_plots/svg/fastqc_per_base_sequence_quality_plot.svg",
                "multiqc/multiqc_plots/svg/fastqc_per_sequence_gc_content_plot_Counts.svg",
                "multiqc/multiqc_plots/svg/fastqc_per_sequence_gc_content_plot_Percentages.svg",
                "multiqc/multiqc_plots/svg/fastqc_per_sequence_quality_scores_plot.svg",
                "multiqc/multiqc_plots/svg/fastqc_sequence_counts_plot-cnt.svg",
                "multiqc/multiqc_plots/svg/fastqc_sequence_counts_plot-pct.svg",
                "multiqc/multiqc_plots/svg/fastqc_sequence_duplication_levels_plot.svg",
                "multiqc/multiqc_plots/svg/fastqc_top_overrepresented_sequences_table.svg",
                "multiqc/multiqc_plots/svg/general_stats_table.svg",
                "multiqc/multiqc_plots/svg/mosdepth-coverage-per-contig-multi-cnt.svg",
                "multiqc/multiqc_plots/svg/mosdepth-coverage-per-contig-multi-log.svg",
                "multiqc/multiqc_plots/svg/mosdepth-cumcoverage-dist-id.svg",
                "multiqc/multiqc_plots/svg/picard_deduplication-cnt.svg",
                "multiqc/multiqc_plots/svg/picard_deduplication-pct.svg",
                "multiqc/multiqc_plots/svg/samtools-stats-dp.svg",
                "multiqc/multiqc_plots/svg/samtools_alignment_plot-cnt.svg",
                "multiqc/multiqc_plots/svg/samtools_alignment_plot-pct.svg",
                "multiqc/multiqc_plots/svg/snpeff_effects-cnt.svg",
                "multiqc/multiqc_plots/svg/snpeff_effects-pct.svg",
                "multiqc/multiqc_plots/svg/snpeff_qualities.svg",
                "multiqc/multiqc_plots/svg/snpeff_variant_effects_class-cnt.svg",
                "multiqc/multiqc_plots/svg/snpeff_variant_effects_class-log.svg",
                "multiqc/multiqc_plots/svg/snpeff_variant_effects_class-pct-log.svg",
                "multiqc/multiqc_plots/svg/snpeff_variant_effects_class-pct.svg",
                "multiqc/multiqc_plots/svg/snpeff_variant_effects_impact-cnt.svg",
                "multiqc/multiqc_plots/svg/snpeff_variant_effects_impact-log.svg",
                "multiqc/multiqc_plots/svg/snpeff_variant_effects_impact-pct-log.svg",
                "multiqc/multiqc_plots/svg/snpeff_variant_effects_impact-pct.svg",
                "multiqc/multiqc_plots/svg/snpeff_variant_effects_region-cnt.svg",
                "multiqc/multiqc_plots/svg/snpeff_variant_effects_region-log.svg",
                "multiqc/multiqc_plots/svg/snpeff_variant_effects_region-pct-log.svg",
                "multiqc/multiqc_plots/svg/snpeff_variant_effects_region-pct.svg",
                "multiqc/multiqc_plots/svg/vcftools_tstv_by_count.svg",
                "multiqc/multiqc_plots/svg/vcftools_tstv_by_qual.svg",
                "multiqc/multiqc_report.html",
                "mutation_reports",
                "mutation_reports/cohort_report.html",
                "mutation_reports/data",
                "mutation_reports/data/CBR110-15-R3a.tiddit.pass_stats.tsv",
                "mutation_reports/data/NODRUG-GM2.tiddit.pass_stats.tsv",
                "mutation_reports/data/cn_cohort_collapsed.csv",
                "mutation_reports/data/cn_cohort_full.csv",
                "mutation_reports/data/cn_matrices",
                "mutation_reports/data/cn_matrices/cn_matrices",
                "mutation_reports/data/cn_matrices/cn_matrices/cn_bins_continuous.csv",
                "mutation_reports/data/cn_matrices/cn_matrices/cn_chr_summary_call.csv",
                "mutation_reports/data/cn_matrices/cn_matrices/cn_chr_summary_germline.csv",
                "mutation_reports/data/cn_matrices/cn_matrices/cn_segments_call.csv",
                "mutation_reports/data/cn_matrices/cn_matrices/cn_segments_germline.csv",
                "mutation_reports/data/sv_cohort_matrix_union.csv",
                "mutation_reports/data/sv_cohort_matrix_union_pass.csv",
                "mutation_reports/data/sv_merged",
                "mutation_reports/data/sv_merged/CBR110-15-R3a",
                "mutation_reports/data/sv_merged/CBR110-15-R3a/CBR110-15-R3a.survivor.union.vcf.gz",
                "mutation_reports/data/sv_merged/CBR110-15-R3a/CBR110-15-R3a.survivor.union.vcf.gz.tbi",
                "mutation_reports/data/sv_merged/CBR110-15-R3a/CBR110-15-R3a.survivor.union_pass.vcf.gz",
                "mutation_reports/data/sv_merged/CBR110-15-R3a/CBR110-15-R3a.survivor.union_pass.vcf.gz.tbi",
                "mutation_reports/data/sv_merged/NODRUG-GM2",
                "mutation_reports/data/sv_merged/NODRUG-GM2/NODRUG-GM2.survivor.union.vcf.gz",
                "mutation_reports/data/sv_merged/NODRUG-GM2/NODRUG-GM2.survivor.union.vcf.gz.tbi",
                "mutation_reports/data/sv_merged/NODRUG-GM2/NODRUG-GM2.survivor.union_pass.vcf.gz",
                "mutation_reports/data/sv_merged/NODRUG-GM2/NODRUG-GM2.survivor.union_pass.vcf.gz.tbi",
                "mutation_reports/index.html",
                "mutation_reports/multiqc_report.html",
                "mutation_reports/prepare",
                "mutation_reports/prepare/CBR110-15-R3a.prepared.vcf.gz",
                "mutation_reports/prepare/CBR110-15-R3a.prepared.vcf.gz.tbi",
                "mutation_reports/prepare/NODRUG-GM2.prepared.vcf.gz",
                "mutation_reports/prepare/NODRUG-GM2.prepared.vcf.gz.tbi",
                "mutation_reports/prepare/cohort.prepared.vcf.gz",
                "mutation_reports/prepare/cohort.prepared.vcf.gz.tbi",
                "mutation_reports/samples",
                "mutation_reports/samples/CBR110-15-R3a_cnvkit_report.html",
                "mutation_reports/samples/CBR110-15-R3a_hc_report.html",
                "mutation_reports/samples/CBR110-15-R3a_manta_report.html",
                "mutation_reports/samples/CBR110-15-R3a_tiddit_report.html",
                "mutation_reports/samples/NODRUG-GM2_cnvkit_report.html",
                "mutation_reports/samples/NODRUG-GM2_hc_report.html",
                "mutation_reports/samples/NODRUG-GM2_manta_report.html",
                "mutation_reports/samples/NODRUG-GM2_tiddit_report.html",
                "mutation_reports/vcf",
                "mutation_reports/vcf/README.md",
                "mutation_reports/vcf/cnvkit",
                "mutation_reports/vcf/cnvkit/CBR110-15-R3a_cnvkit.vcf.gz",
                "mutation_reports/vcf/cnvkit/CBR110-15-R3a_cnvkit.vcf.gz.tbi",
                "mutation_reports/vcf/cnvkit/NODRUG-GM2_cnvkit.vcf.gz",
                "mutation_reports/vcf/cnvkit/NODRUG-GM2_cnvkit.vcf.gz.tbi",
                "mutation_reports/vcf/haplotypecaller",
                "mutation_reports/vcf/haplotypecaller/CBR110-15-R3a_haplotypecaller_annotated.vcf.gz",
                "mutation_reports/vcf/haplotypecaller/CBR110-15-R3a_haplotypecaller_annotated.vcf.gz.tbi",
                "mutation_reports/vcf/haplotypecaller/NODRUG-GM2_haplotypecaller_annotated.vcf.gz",
                "mutation_reports/vcf/haplotypecaller/NODRUG-GM2_haplotypecaller_annotated.vcf.gz.tbi",
                "mutation_reports/vcf/haplotypecaller/cohort_haplotypecaller_annotated.vcf.gz",
                "mutation_reports/vcf/haplotypecaller/cohort_haplotypecaller_annotated.vcf.gz.tbi",
                "mutation_reports/vcf/manta",
                "mutation_reports/vcf/manta/CBR110-15-R3a_manta.vcf.gz",
                "mutation_reports/vcf/manta/CBR110-15-R3a_manta.vcf.gz.tbi",
                "mutation_reports/vcf/manta/NODRUG-GM2_manta.vcf.gz",
                "mutation_reports/vcf/manta/NODRUG-GM2_manta.vcf.gz.tbi",
                "mutation_reports/vcf/tiddit",
                "mutation_reports/vcf/tiddit/CBR110-15-R3a_tiddit.vcf.gz",
                "mutation_reports/vcf/tiddit/CBR110-15-R3a_tiddit.vcf.gz.tbi",
                "mutation_reports/vcf/tiddit/CBR110-15-R3a_tiddit_pass.vcf.gz",
                "mutation_reports/vcf/tiddit/CBR110-15-R3a_tiddit_pass.vcf.gz.tbi",
                "mutation_reports/vcf/tiddit/NODRUG-GM2_tiddit.vcf.gz",
                "mutation_reports/vcf/tiddit/NODRUG-GM2_tiddit.vcf.gz.tbi",
                "mutation_reports/vcf/tiddit/NODRUG-GM2_tiddit_pass.vcf.gz",
                "mutation_reports/vcf/tiddit/NODRUG-GM2_tiddit_pass.vcf.gz.tbi",
                "pipeline_info",
                "preprocessing",
                "preprocessing/markduplicates",
                "preprocessing/markduplicates/CBR110-15-R3a",
                "preprocessing/markduplicates/CBR110-15-R3a/CBR110-15-R3a.md.cram",
                "preprocessing/markduplicates/CBR110-15-R3a/CBR110-15-R3a.md.cram.crai",
                "preprocessing/markduplicates/NODRUG-GM2",
                "preprocessing/markduplicates/NODRUG-GM2/NODRUG-GM2.md.cram",
                "preprocessing/markduplicates/NODRUG-GM2/NODRUG-GM2.md.cram.crai",
                "reference",
                "reference/dict",
                "reports",
                "reports/bcftools",
                "reports/bcftools/cnvkit",
                "reports/bcftools/cnvkit/CBR110-15-R3a",
                "reports/bcftools/cnvkit/CBR110-15-R3a/CBR110-15-R3a.cnvcall.bcftools_stats.txt",
                "reports/bcftools/cnvkit/NODRUG-GM2",
                "reports/bcftools/cnvkit/NODRUG-GM2/NODRUG-GM2.cnvcall.bcftools_stats.txt",
                "reports/bcftools/haplotypecaller",
                "reports/bcftools/haplotypecaller/CBR110-15-R3a",
                "reports/bcftools/haplotypecaller/CBR110-15-R3a.haplotypecaller.from_joint_calling",
                "reports/bcftools/haplotypecaller/CBR110-15-R3a.haplotypecaller.from_joint_calling/CBR110-15-R3a.haplotypecaller.from_joint_calling.hard_filtered.bcftools_stats.txt",
                "reports/bcftools/haplotypecaller/CBR110-15-R3a/CBR110-15-R3a.haplotypecaller.from_joint_calling.bcftools_stats.txt",
                "reports/bcftools/haplotypecaller/NODRUG-GM2",
                "reports/bcftools/haplotypecaller/NODRUG-GM2.haplotypecaller.from_joint_calling",
                "reports/bcftools/haplotypecaller/NODRUG-GM2.haplotypecaller.from_joint_calling/NODRUG-GM2.haplotypecaller.from_joint_calling.hard_filtered.bcftools_stats.txt",
                "reports/bcftools/haplotypecaller/NODRUG-GM2/NODRUG-GM2.haplotypecaller.from_joint_calling.bcftools_stats.txt",
                "reports/bcftools/haplotypecaller/joint_variant_calling",
                "reports/bcftools/haplotypecaller/joint_variant_calling/HaplotypeCaller_joint_calling_soft_filtered.bcftools_stats.txt",
                "reports/bcftools/manta",
                "reports/bcftools/manta/CBR110-15-R3a",
                "reports/bcftools/manta/CBR110-15-R3a/CBR110-15-R3a.manta.diploid_sv.bcftools_stats.txt",
                "reports/bcftools/manta/NODRUG-GM2",
                "reports/bcftools/manta/NODRUG-GM2/NODRUG-GM2.manta.diploid_sv.bcftools_stats.txt",
                "reports/bcftools/tiddit",
                "reports/bcftools/tiddit/CBR110-15-R3a",
                "reports/bcftools/tiddit/CBR110-15-R3a/CBR110-15-R3a.tiddit.bcftools_stats.txt",
                "reports/bcftools/tiddit/NODRUG-GM2",
                "reports/bcftools/tiddit/NODRUG-GM2/NODRUG-GM2.tiddit.bcftools_stats.txt",
                "reports/fastqc",
                "reports/fastqc/CBR110-15-R3a-L001",
                "reports/fastqc/CBR110-15-R3a-L001/CBR110-15-R3a-L001_1_fastqc.html",
                "reports/fastqc/CBR110-15-R3a-L001/CBR110-15-R3a-L001_1_fastqc.zip",
                "reports/fastqc/CBR110-15-R3a-L001/CBR110-15-R3a-L001_2_fastqc.html",
                "reports/fastqc/CBR110-15-R3a-L001/CBR110-15-R3a-L001_2_fastqc.zip",
                "reports/fastqc/NODRUG-GM2-L001",
                "reports/fastqc/NODRUG-GM2-L001/NODRUG-GM2-L001_1_fastqc.html",
                "reports/fastqc/NODRUG-GM2-L001/NODRUG-GM2-L001_1_fastqc.zip",
                "reports/fastqc/NODRUG-GM2-L001/NODRUG-GM2-L001_2_fastqc.html",
                "reports/fastqc/NODRUG-GM2-L001/NODRUG-GM2-L001_2_fastqc.zip",
                "reports/markduplicates",
                "reports/markduplicates/CBR110-15-R3a",
                "reports/markduplicates/CBR110-15-R3a/CBR110-15-R3a.md.cram.metrics",
                "reports/markduplicates/NODRUG-GM2",
                "reports/markduplicates/NODRUG-GM2/NODRUG-GM2.md.cram.metrics",
                "reports/mosdepth",
                "reports/mosdepth/CBR110-15-R3a",
                "reports/mosdepth/CBR110-15-R3a/CBR110-15-R3a.md.mosdepth.global.dist.txt",
                "reports/mosdepth/CBR110-15-R3a/CBR110-15-R3a.md.mosdepth.region.dist.txt",
                "reports/mosdepth/CBR110-15-R3a/CBR110-15-R3a.md.mosdepth.summary.txt",
                "reports/mosdepth/CBR110-15-R3a/CBR110-15-R3a.md.regions.bed.gz",
                "reports/mosdepth/CBR110-15-R3a/CBR110-15-R3a.md.regions.bed.gz.csi",
                "reports/mosdepth/NODRUG-GM2",
                "reports/mosdepth/NODRUG-GM2/NODRUG-GM2.md.mosdepth.global.dist.txt",
                "reports/mosdepth/NODRUG-GM2/NODRUG-GM2.md.mosdepth.region.dist.txt",
                "reports/mosdepth/NODRUG-GM2/NODRUG-GM2.md.mosdepth.summary.txt",
                "reports/mosdepth/NODRUG-GM2/NODRUG-GM2.md.regions.bed.gz",
                "reports/mosdepth/NODRUG-GM2/NODRUG-GM2.md.regions.bed.gz.csi",
                "reports/samtools",
                "reports/samtools/CBR110-15-R3a",
                "reports/samtools/CBR110-15-R3a/CBR110-15-R3a.md.cram.stats",
                "reports/samtools/NODRUG-GM2",
                "reports/samtools/NODRUG-GM2/NODRUG-GM2.md.cram.stats",
                "reports/snpeff",
                "reports/snpeff/cnvkit",
                "reports/snpeff/cnvkit/CBR110-15-R3a",
                "reports/snpeff/cnvkit/CBR110-15-R3a/CBR110-15-R3a.cnvcall_snpEff.csv",
                "reports/snpeff/cnvkit/CBR110-15-R3a/CBR110-15-R3a.cnvcall_snpEff.genes.txt",
                "reports/snpeff/cnvkit/CBR110-15-R3a/snpEff_summary.html",
                "reports/snpeff/cnvkit/NODRUG-GM2",
                "reports/snpeff/cnvkit/NODRUG-GM2/NODRUG-GM2.cnvcall_snpEff.csv",
                "reports/snpeff/cnvkit/NODRUG-GM2/NODRUG-GM2.cnvcall_snpEff.genes.txt",
                "reports/snpeff/cnvkit/NODRUG-GM2/snpEff_summary.html",
                "reports/snpeff/haplotypecaller",
                "reports/snpeff/haplotypecaller/CBR110-15-R3a",
                "reports/snpeff/haplotypecaller/CBR110-15-R3a.haplotypecaller.from_joint_calling",
                "reports/snpeff/haplotypecaller/CBR110-15-R3a.haplotypecaller.from_joint_calling/CBR110-15-R3a.haplotypecaller.from_joint_calling.hard_filtered_snpEff.csv",
                "reports/snpeff/haplotypecaller/CBR110-15-R3a.haplotypecaller.from_joint_calling/CBR110-15-R3a.haplotypecaller.from_joint_calling.hard_filtered_snpEff.genes.txt",
                "reports/snpeff/haplotypecaller/CBR110-15-R3a.haplotypecaller.from_joint_calling/snpEff_summary.html",
                "reports/snpeff/haplotypecaller/CBR110-15-R3a/CBR110-15-R3a.haplotypecaller.from_joint_calling_snpEff.csv",
                "reports/snpeff/haplotypecaller/CBR110-15-R3a/CBR110-15-R3a.haplotypecaller.from_joint_calling_snpEff.genes.txt",
                "reports/snpeff/haplotypecaller/CBR110-15-R3a/snpEff_summary.html",
                "reports/snpeff/haplotypecaller/NODRUG-GM2",
                "reports/snpeff/haplotypecaller/NODRUG-GM2.haplotypecaller.from_joint_calling",
                "reports/snpeff/haplotypecaller/NODRUG-GM2.haplotypecaller.from_joint_calling/NODRUG-GM2.haplotypecaller.from_joint_calling.hard_filtered_snpEff.csv",
                "reports/snpeff/haplotypecaller/NODRUG-GM2.haplotypecaller.from_joint_calling/NODRUG-GM2.haplotypecaller.from_joint_calling.hard_filtered_snpEff.genes.txt",
                "reports/snpeff/haplotypecaller/NODRUG-GM2.haplotypecaller.from_joint_calling/snpEff_summary.html",
                "reports/snpeff/haplotypecaller/NODRUG-GM2/NODRUG-GM2.haplotypecaller.from_joint_calling_snpEff.csv",
                "reports/snpeff/haplotypecaller/NODRUG-GM2/NODRUG-GM2.haplotypecaller.from_joint_calling_snpEff.genes.txt",
                "reports/snpeff/haplotypecaller/NODRUG-GM2/snpEff_summary.html",
                "reports/snpeff/haplotypecaller/joint_variant_calling",
                "reports/snpeff/haplotypecaller/joint_variant_calling/HaplotypeCaller_joint_calling_soft_filtered_snpEff.csv",
                "reports/snpeff/haplotypecaller/joint_variant_calling/HaplotypeCaller_joint_calling_soft_filtered_snpEff.genes.txt",
                "reports/snpeff/haplotypecaller/joint_variant_calling/snpEff_summary.html",
                "reports/snpeff/manta",
                "reports/snpeff/manta/CBR110-15-R3a",
                "reports/snpeff/manta/CBR110-15-R3a/CBR110-15-R3a.manta.diploid_sv_snpEff.csv",
                "reports/snpeff/manta/CBR110-15-R3a/CBR110-15-R3a.manta.diploid_sv_snpEff.genes.txt",
                "reports/snpeff/manta/CBR110-15-R3a/snpEff_summary.html",
                "reports/snpeff/manta/NODRUG-GM2",
                "reports/snpeff/manta/NODRUG-GM2/NODRUG-GM2.manta.diploid_sv_snpEff.csv",
                "reports/snpeff/manta/NODRUG-GM2/NODRUG-GM2.manta.diploid_sv_snpEff.genes.txt",
                "reports/snpeff/manta/NODRUG-GM2/snpEff_summary.html",
                "reports/snpeff/tiddit",
                "reports/snpeff/tiddit/CBR110-15-R3a",
                "reports/snpeff/tiddit/CBR110-15-R3a/CBR110-15-R3a.tiddit_snpEff.csv",
                "reports/snpeff/tiddit/CBR110-15-R3a/CBR110-15-R3a.tiddit_snpEff.genes.txt",
                "reports/snpeff/tiddit/CBR110-15-R3a/snpEff_summary.html",
                "reports/snpeff/tiddit/NODRUG-GM2",
                "reports/snpeff/tiddit/NODRUG-GM2/NODRUG-GM2.tiddit_snpEff.csv",
                "reports/snpeff/tiddit/NODRUG-GM2/NODRUG-GM2.tiddit_snpEff.genes.txt",
                "reports/snpeff/tiddit/NODRUG-GM2/snpEff_summary.html",
                "reports/vcftools",
                "reports/vcftools/cnvkit",
                "reports/vcftools/cnvkit/CBR110-15-R3a",
                "reports/vcftools/cnvkit/CBR110-15-R3a/CBR110-15-R3a.cnvcall.FILTER.summary",
                "reports/vcftools/cnvkit/CBR110-15-R3a/CBR110-15-R3a.cnvcall.TsTv.count",
                "reports/vcftools/cnvkit/CBR110-15-R3a/CBR110-15-R3a.cnvcall.TsTv.qual",
                "reports/vcftools/cnvkit/NODRUG-GM2",
                "reports/vcftools/cnvkit/NODRUG-GM2/NODRUG-GM2.cnvcall.FILTER.summary",
                "reports/vcftools/cnvkit/NODRUG-GM2/NODRUG-GM2.cnvcall.TsTv.count",
                "reports/vcftools/cnvkit/NODRUG-GM2/NODRUG-GM2.cnvcall.TsTv.qual",
                "reports/vcftools/haplotypecaller",
                "reports/vcftools/haplotypecaller/CBR110-15-R3a",
                "reports/vcftools/haplotypecaller/CBR110-15-R3a.haplotypecaller.from_joint_calling",
                "reports/vcftools/haplotypecaller/CBR110-15-R3a.haplotypecaller.from_joint_calling/CBR110-15-R3a.haplotypecaller.from_joint_calling.hard_filtered.FILTER.summary",
                "reports/vcftools/haplotypecaller/CBR110-15-R3a.haplotypecaller.from_joint_calling/CBR110-15-R3a.haplotypecaller.from_joint_calling.hard_filtered.TsTv.count",
                "reports/vcftools/haplotypecaller/CBR110-15-R3a.haplotypecaller.from_joint_calling/CBR110-15-R3a.haplotypecaller.from_joint_calling.hard_filtered.TsTv.qual",
                "reports/vcftools/haplotypecaller/CBR110-15-R3a/CBR110-15-R3a.haplotypecaller.from_joint_calling.FILTER.summary",
                "reports/vcftools/haplotypecaller/CBR110-15-R3a/CBR110-15-R3a.haplotypecaller.from_joint_calling.TsTv.count",
                "reports/vcftools/haplotypecaller/CBR110-15-R3a/CBR110-15-R3a.haplotypecaller.from_joint_calling.TsTv.qual",
                "reports/vcftools/haplotypecaller/NODRUG-GM2",
                "reports/vcftools/haplotypecaller/NODRUG-GM2.haplotypecaller.from_joint_calling",
                "reports/vcftools/haplotypecaller/NODRUG-GM2.haplotypecaller.from_joint_calling/NODRUG-GM2.haplotypecaller.from_joint_calling.hard_filtered.FILTER.summary",
                "reports/vcftools/haplotypecaller/NODRUG-GM2.haplotypecaller.from_joint_calling/NODRUG-GM2.haplotypecaller.from_joint_calling.hard_filtered.TsTv.count",
                "reports/vcftools/haplotypecaller/NODRUG-GM2.haplotypecaller.from_joint_calling/NODRUG-GM2.haplotypecaller.from_joint_calling.hard_filtered.TsTv.qual",
                "reports/vcftools/haplotypecaller/NODRUG-GM2/NODRUG-GM2.haplotypecaller.from_joint_calling.FILTER.summary",
                "reports/vcftools/haplotypecaller/NODRUG-GM2/NODRUG-GM2.haplotypecaller.from_joint_calling.TsTv.count",
                "reports/vcftools/haplotypecaller/NODRUG-GM2/NODRUG-GM2.haplotypecaller.from_joint_calling.TsTv.qual",
                "reports/vcftools/manta",
                "reports/vcftools/manta/CBR110-15-R3a",
                "reports/vcftools/manta/CBR110-15-R3a/CBR110-15-R3a.manta.diploid_sv.FILTER.summary",
                "reports/vcftools/manta/CBR110-15-R3a/CBR110-15-R3a.manta.diploid_sv.TsTv.count",
                "reports/vcftools/manta/CBR110-15-R3a/CBR110-15-R3a.manta.diploid_sv.TsTv.qual",
                "reports/vcftools/manta/NODRUG-GM2",
                "reports/vcftools/manta/NODRUG-GM2/NODRUG-GM2.manta.diploid_sv.FILTER.summary",
                "reports/vcftools/manta/NODRUG-GM2/NODRUG-GM2.manta.diploid_sv.TsTv.count",
                "reports/vcftools/manta/NODRUG-GM2/NODRUG-GM2.manta.diploid_sv.TsTv.qual",
                "reports/vcftools/tiddit",
                "reports/vcftools/tiddit/CBR110-15-R3a",
                "reports/vcftools/tiddit/CBR110-15-R3a/CBR110-15-R3a.tiddit.FILTER.summary",
                "reports/vcftools/tiddit/CBR110-15-R3a/CBR110-15-R3a.tiddit.TsTv.count",
                "reports/vcftools/tiddit/CBR110-15-R3a/CBR110-15-R3a.tiddit.TsTv.qual",
                "reports/vcftools/tiddit/NODRUG-GM2",
                "reports/vcftools/tiddit/NODRUG-GM2/NODRUG-GM2.tiddit.FILTER.summary",
                "reports/vcftools/tiddit/NODRUG-GM2/NODRUG-GM2.tiddit.TsTv.count",
                "reports/vcftools/tiddit/NODRUG-GM2/NODRUG-GM2.tiddit.TsTv.qual",
                "tabix",
                "tabix/CBR110-15-R3a.cnvcall.vcf.gz",
                "tabix/CBR110-15-R3a.cnvcall.vcf.gz.tbi",
                "tabix/CBR110-15-R3a.haplotypecaller.from_joint_calling.hard_filtered.vcf.gz.tbi",
                "tabix/CBR110-15-R3a.haplotypecaller.from_joint_calling.vcf.gz.tbi",
                "tabix/CBR110-15-R3a.manta.diploid_sv.vcf.gz.tbi",
                "tabix/CBR110-15-R3a.tiddit.vcf.gz.tbi",
                "tabix/HaplotypeCaller_joint_calling_soft_filtered.vcf.gz.tbi",
                "tabix/NODRUG-GM2.cnvcall.vcf.gz",
                "tabix/NODRUG-GM2.cnvcall.vcf.gz.tbi",
                "tabix/NODRUG-GM2.haplotypecaller.from_joint_calling.hard_filtered.vcf.gz.tbi",
                "tabix/NODRUG-GM2.haplotypecaller.from_joint_calling.vcf.gz.tbi",
                "tabix/NODRUG-GM2.manta.diploid_sv.vcf.gz.tbi",
                "tabix/NODRUG-GM2.tiddit.vcf.gz.tbi",
                "variant_calling",
                "variant_calling/cnvkit",
                "variant_calling/cnvkit/CBR110-15-R3a",
                "variant_calling/cnvkit/CBR110-15-R3a/CBR110-15-R3a.cnvcall.vcf",
                "variant_calling/cnvkit/CBR110-15-R3a/CBR110-15-R3a.md-diagram.pdf",
                "variant_calling/cnvkit/CBR110-15-R3a/CBR110-15-R3a.md-scatter.png",
                "variant_calling/cnvkit/CBR110-15-R3a/CBR110-15-R3a.md.antitargetcoverage.cnn",
                "variant_calling/cnvkit/CBR110-15-R3a/CBR110-15-R3a.md.bintest.cns",
                "variant_calling/cnvkit/CBR110-15-R3a/CBR110-15-R3a.md.call.cns",
                "variant_calling/cnvkit/CBR110-15-R3a/CBR110-15-R3a.md.cnr",
                "variant_calling/cnvkit/CBR110-15-R3a/CBR110-15-R3a.md.cns",
                "variant_calling/cnvkit/CBR110-15-R3a/CBR110-15-R3a.md.genemetrics.tsv",
                "variant_calling/cnvkit/CBR110-15-R3a/CBR110-15-R3a.md.germline.call.cns",
                "variant_calling/cnvkit/CBR110-15-R3a/CBR110-15-R3a.md.targetcoverage.cnn",
                "variant_calling/cnvkit/CBR110-15-R3a/fai.antitarget.bed",
                "variant_calling/cnvkit/CBR110-15-R3a/fai.target.bed",
                "variant_calling/cnvkit/CBR110-15-R3a/reference.cnn",
                "variant_calling/cnvkit/NODRUG-GM2",
                "variant_calling/cnvkit/NODRUG-GM2/NODRUG-GM2.cnvcall.vcf",
                "variant_calling/cnvkit/NODRUG-GM2/NODRUG-GM2.md-diagram.pdf",
                "variant_calling/cnvkit/NODRUG-GM2/NODRUG-GM2.md-scatter.png",
                "variant_calling/cnvkit/NODRUG-GM2/NODRUG-GM2.md.antitargetcoverage.cnn",
                "variant_calling/cnvkit/NODRUG-GM2/NODRUG-GM2.md.bintest.cns",
                "variant_calling/cnvkit/NODRUG-GM2/NODRUG-GM2.md.call.cns",
                "variant_calling/cnvkit/NODRUG-GM2/NODRUG-GM2.md.cnr",
                "variant_calling/cnvkit/NODRUG-GM2/NODRUG-GM2.md.cns",
                "variant_calling/cnvkit/NODRUG-GM2/NODRUG-GM2.md.genemetrics.tsv",
                "variant_calling/cnvkit/NODRUG-GM2/NODRUG-GM2.md.germline.call.cns",
                "variant_calling/cnvkit/NODRUG-GM2/NODRUG-GM2.md.targetcoverage.cnn",
                "variant_calling/cnvkit/NODRUG-GM2/fai.antitarget.bed",
                "variant_calling/cnvkit/NODRUG-GM2/fai.target.bed",
                "variant_calling/cnvkit/NODRUG-GM2/reference.cnn",
                "variant_calling/haplotypecaller",
                "variant_calling/haplotypecaller/CBR110-15-R3a",
                "variant_calling/haplotypecaller/CBR110-15-R3a/CBR110-15-R3a.haplotypecaller.g.vcf.gz",
                "variant_calling/haplotypecaller/CBR110-15-R3a/CBR110-15-R3a.haplotypecaller.g.vcf.gz.tbi",
                "variant_calling/haplotypecaller/NODRUG-GM2",
                "variant_calling/haplotypecaller/NODRUG-GM2/NODRUG-GM2.haplotypecaller.g.vcf.gz",
                "variant_calling/haplotypecaller/NODRUG-GM2/NODRUG-GM2.haplotypecaller.g.vcf.gz.tbi",
                "variant_calling/haplotypecaller/individual_from_joint",
                "variant_calling/haplotypecaller/individual_from_joint/CBR110-15-R3a",
                "variant_calling/haplotypecaller/individual_from_joint/CBR110-15-R3a/CBR110-15-R3a.haplotypecaller.from_joint_calling.vcf.gz",
                "variant_calling/haplotypecaller/individual_from_joint/CBR110-15-R3a/CBR110-15-R3a.haplotypecaller.from_joint_calling.vcf.gz.tbi",
                "variant_calling/haplotypecaller/individual_from_joint/NODRUG-GM2",
                "variant_calling/haplotypecaller/individual_from_joint/NODRUG-GM2/NODRUG-GM2.haplotypecaller.from_joint_calling.vcf.gz",
                "variant_calling/haplotypecaller/individual_from_joint/NODRUG-GM2/NODRUG-GM2.haplotypecaller.from_joint_calling.vcf.gz.tbi",
                "variant_calling/haplotypecaller/joint_variant_calling",
                "variant_calling/haplotypecaller/joint_variant_calling/HaplotypeCaller_joint_calling_soft_filtered.vcf.gz",
                "variant_calling/haplotypecaller/joint_variant_calling/HaplotypeCaller_joint_calling_soft_filtered.vcf.gz.tbi",
                "variant_calling/haplotypecaller/joint_variant_calling/joint_germline.vcf.gz",
                "variant_calling/haplotypecaller/joint_variant_calling/joint_germline.vcf.gz.tbi",
                "variant_calling/manta",
                "variant_calling/manta/CBR110-15-R3a",
                "variant_calling/manta/CBR110-15-R3a/CBR110-15-R3a.manta.diploid_sv.vcf.gz",
                "variant_calling/manta/CBR110-15-R3a/CBR110-15-R3a.manta.diploid_sv.vcf.gz.tbi",
                "variant_calling/manta/NODRUG-GM2",
                "variant_calling/manta/NODRUG-GM2/NODRUG-GM2.manta.diploid_sv.vcf.gz",
                "variant_calling/manta/NODRUG-GM2/NODRUG-GM2.manta.diploid_sv.vcf.gz.tbi",
                "variant_calling/tiddit",
                "variant_calling/tiddit/CBR110-15-R3a",
                "variant_calling/tiddit/CBR110-15-R3a/CBR110-15-R3a.tiddit.ploidies.tab",
                "variant_calling/tiddit/CBR110-15-R3a/CBR110-15-R3a.tiddit.vcf.gz",
                "variant_calling/tiddit/CBR110-15-R3a/CBR110-15-R3a.tiddit.vcf.gz.tbi",
                "variant_calling/tiddit/NODRUG-GM2",
                "variant_calling/tiddit/NODRUG-GM2/NODRUG-GM2.tiddit.ploidies.tab",
                "variant_calling/tiddit/NODRUG-GM2/NODRUG-GM2.tiddit.vcf.gz",
                "variant_calling/tiddit/NODRUG-GM2/NODRUG-GM2.tiddit.vcf.gz.tbi",
                "variant_calling_filtered",
                "variant_calling_filtered/haplotypecaller",
                "variant_calling_filtered/haplotypecaller/individual_from_joint",
                "variant_calling_filtered/haplotypecaller/individual_from_joint/CBR110-15-R3a",
                "variant_calling_filtered/haplotypecaller/individual_from_joint/CBR110-15-R3a/CBR110-15-R3a.haplotypecaller.from_joint_calling.hard_filtered.vcf.gz",
                "variant_calling_filtered/haplotypecaller/individual_from_joint/CBR110-15-R3a/CBR110-15-R3a.haplotypecaller.from_joint_calling.hard_filtered.vcf.gz.tbi",
                "variant_calling_filtered/haplotypecaller/individual_from_joint/NODRUG-GM2",
                "variant_calling_filtered/haplotypecaller/individual_from_joint/NODRUG-GM2/NODRUG-GM2.haplotypecaller.from_joint_calling.hard_filtered.vcf.gz",
                "variant_calling_filtered/haplotypecaller/individual_from_joint/NODRUG-GM2/NODRUG-GM2.haplotypecaller.from_joint_calling.hard_filtered.vcf.gz.tbi"
            ],
            "cn_cohort_full.csv:md5,e905fc6e335e04fc309e4a0f604d62ca",
            "cn_cohort_collapsed.csv:md5,e38eb9958764962dfd3824d96c084981",
            "sv_cohort_matrix_union.csv:md5,7d8e994ef3e20a70724dbc6edd264411",
            "sv_cohort_matrix_union_pass.csv:md5,729ccfab91409385c1555599672d27f4"
        ],
        "meta": {
            "nf-test": "0.9.3",
            "nextflow": "25.10.4"
        },
        "timestamp": "2026-07-16T09:50:38.25351366"
    }
}